Component: ARM Compiler 5.05 update 1 (build 106) Tool: armlink [4d0efa]

==============================================================================

Section Cross References

    main.o(.text) refers to _printf_pad.o(.text) for _printf_pre_padding
    main.o(.text) refers to _printf_percent.o(.ARM.Collect$$_printf_percent$$00000000) for _printf_percent
    main.o(.text) refers to _printf_x.o(.ARM.Collect$$_printf_percent$$0000000C) for _printf_x
    main.o(.text) refers to _printf_hex_int.o(.text) for _printf_longlong_hex
    main.o(.text) refers to _printf_d.o(.ARM.Collect$$_printf_percent$$00000009) for _printf_d
    main.o(.text) refers to _printf_dec.o(.text) for _printf_int_dec
    main.o(.text) refers to delay.o(.text) for delay_init
    main.o(.text) refers to usart.o(.text) for uart_init
    main.o(.text) refers to led.o(.text) for LED_Init
    main.o(.text) refers to key.o(.text) for KEY_Init
    main.o(.text) refers to misc.o(.text) for NVIC_PriorityGroupConfig
    main.o(.text) refers to rc522.o(.text) for RC522_Init
    main.o(.text) refers to oled.o(.text) for OLED_Init
    main.o(.text) refers to stm32f10x_gpio.o(.text) for GPIO_ResetBits
    main.o(.text) refers to noretval__2printf.o(.text) for __2printf
    main.o(.text) refers to stm32f10x_exti.o(.text) for EXTI_ClearITPendingBit
    main.o(.text) refers to main.o(.bss) for data
    main.o(.text) refers to main.o(.data) for KA
    main.o(.text) refers to rc522.o(.data) for adr3_0
    system_stm32f10x.o(.text) refers to system_stm32f10x.o(.data) for SystemCoreClock
    led.o(.text) refers to stm32f10x_rcc.o(.text) for RCC_APB2PeriphClockCmd
    led.o(.text) refers to stm32f10x_gpio.o(.text) for GPIO_Init
    key.o(.text) refers to stm32f10x_rcc.o(.text) for RCC_APB2PeriphClockCmd
    key.o(.text) refers to stm32f10x_gpio.o(.text) for GPIO_Init
    key.o(.text) refers to stm32f10x_exti.o(.text) for EXTI_Init
    key.o(.text) refers to misc.o(.text) for NVIC_Init
    beep.o(.text) refers to stm32f10x_rcc.o(.text) for RCC_APB2PeriphClockCmd
    beep.o(.text) refers to stm32f10x_gpio.o(.text) for GPIO_Init
    rc522.o(.text) refers to _printf_percent.o(.ARM.Collect$$_printf_percent$$00000000) for _printf_percent
    rc522.o(.text) refers to _printf_d.o(.ARM.Collect$$_printf_percent$$00000009) for _printf_d
    rc522.o(.text) refers to _printf_dec.o(.text) for _printf_int_dec
    rc522.o(.text) refers to _printf_s.o(.ARM.Collect$$_printf_percent$$00000014) for _printf_s
    rc522.o(.text) refers to _printf_str.o(.text) for _printf_str
    rc522.o(.text) refers to _printf_pad.o(.text) for _printf_pre_padding
    rc522.o(.text) refers to _printf_x.o(.ARM.Collect$$_printf_percent$$0000000C) for _printf_x
    rc522.o(.text) refers to _printf_hex_int.o(.text) for _printf_longlong_hex
    rc522.o(.text) refers to stm32f10x_gpio.o(.text) for GPIO_SetBits
    rc522.o(.text) refers to delay.o(.text) for delay_us
    rc522.o(.text) refers to noretval__2printf.o(.text) for __2printf
    rc522.o(.text) refers to noretval__2sprintf.o(.text) for __2sprintf
    rc522.o(.text) refers to oled.o(.text) for OLED_ShowString
    rc522.o(.text) refers to rc522.o(.bss) for date3_0
    rc522.o(.text) refers to rc522.o(.data) for adr3_0
    rc522.o(.text) refers to stm32f10x_rcc.o(.text) for RCC_APB2PeriphClockCmd
    rc522.o(.text) refers to rt_memcpy_v6.o(.text) for __aeabi_memcpy
    oled.o(.text) refers to stm32f10x_gpio.o(.text) for GPIO_SetBits
    oled.o(.text) refers to oled.o(.constdata) for F8X16
    oled.o(.text) refers to stm32f10x_rcc.o(.text) for RCC_APB2PeriphClockCmd
    oled.o(.text) refers to delay.o(.text) for delay_ms
    oled.o(.text) refers to oled.o(.data) for Hzk
    delay.o(.text) refers to misc.o(.text) for SysTick_CLKSourceConfig
    delay.o(.text) refers to system_stm32f10x.o(.data) for SystemCoreClock
    delay.o(.text) refers to delay.o(.data) for fac_us
    usart.o(.text) refers (Special) to use_no_semi_2.o(.text) for __use_no_semihosting
    usart.o(.text) refers to stm32f10x_rcc.o(.text) for RCC_APB2PeriphClockCmd
    usart.o(.text) refers to stm32f10x_gpio.o(.text) for GPIO_Init
    usart.o(.text) refers to misc.o(.text) for NVIC_Init
    usart.o(.text) refers to stm32f10x_usart.o(.text) for USART_Init
    usart.o(.text) refers to usart.o(.data) for USART_RX_STA
    usart.o(.text) refers to usart.o(.bss) for USART_RX_BUF
    usart.o(.bss) refers (Special) to use_no_semi_2.o(.text) for __use_no_semihosting
    usart.o(.data) refers (Special) to use_no_semi_2.o(.text) for __use_no_semihosting
    startup_stm32f10x_md.o(STACK) refers (Special) to heapauxi.o(.text) for __use_two_region_memory
    startup_stm32f10x_md.o(HEAP) refers (Special) to heapauxi.o(.text) for __use_two_region_memory
    startup_stm32f10x_md.o(RESET) refers (Special) to heapauxi.o(.text) for __use_two_region_memory
    startup_stm32f10x_md.o(RESET) refers to startup_stm32f10x_md.o(STACK) for __initial_sp
[...]
    _printf_hex_int_ptr.o(.text) refers to _printf_hex_int_ptr.o(.constdata) for .constdata
    _printf_hex_ll_ptr.o(.text) refers to _printf_intcommon.o(.text) for _printf_int_common
    _printf_hex_ll_ptr.o(.text) refers to _printf_hex_ll_ptr.o(.constdata) for .constdata
    _printf_hex_int_ll_ptr.o(.text) refers to _printf_intcommon.o(.text) for _printf_int_common
    _printf_hex_int_ll_ptr.o(.text) refers to _printf_hex_int_ll_ptr.o(.constdata) for .constdata
    __printf_flags.o(.text) refers to _printf_percent.o(.ARM.Collect$$_printf_percent$$00000000) for _printf_percent
    __printf_flags.o(.text) refers to __printf_flags.o(.constdata) for .constdata
    __printf_ss.o(.text) refers to _printf_percent.o(.ARM.Collect$$_printf_percent$$00000000) for _printf_percent
    __printf_flags_ss.o(.text) refers to _printf_percent.o(.ARM.Collect$$_printf_percent$$00000000) for _printf_percent
    __printf_flags_ss.o(.text) refers to __printf_flags_ss.o(.constdata) for .constdata
    __printf_wp.o(.text) refers to __printf_wp.o(i._is_digit) for _is_digit
    __printf_wp.o(.text) refers to _printf_percent.o(.ARM.Collect$$_printf_percent$$00000000) for _printf_percent
    __printf_flags_wp.o(.text) refers to __printf_wp.o(i._is_digit) for _is_digit
    __printf_flags_wp.o(.text) refers to _printf_percent.o(.ARM.Collect$$_printf_percent$$00000000) for _printf_percent
    __printf_flags_wp.o(.text) refers to __printf_flags_wp.o(.constdata) for .constdata
    __printf_ss_wp.o(.text) refers to __printf_wp.o(i._is_digit) for _is_digit
    __printf_ss_wp.o(.text) refers to _printf_percent.o(.ARM.Collect$$_printf_percent$$00000000) for _printf_percent
    __printf_flags_ss_wp.o(.text) refers to __printf_wp.o(i._is_digit) for _is_digit
    __printf_flags_ss_wp.o(.text) refers to _printf_percent.o(.ARM.Collect$$_printf_percent$$00000000) for _printf_percent
    __printf_flags_ss_wp.o(.text) refers to __printf_flags_ss_wp.o(.constdata) for .constdata
    _printf_s.o(.ARM.Collect$$_printf_percent$$00000014) refers (Weak) to _printf_char.o(.text) for _printf_string
    _printf_x.o(.ARM.Collect$$_printf_percent$$0000000C) refers (Weak) to _printf_hex_int.o(.text) for _printf_int_hex
    _printf_d.o(.ARM.Collect$$_printf_percent$$00000009) refers (Weak) to _printf_dec.o(.text) for _printf_int_dec
    _printf_percent.o(.ARM.Collect$$_printf_percent$$00000000) refers (Special) to _printf_percent_end.o(.ARM.Collect$$_printf_percent$$00000017) for _printf_percent_end
    rt_memcpy_v6.o(.text) refers to rt_memcpy_w.o(.text) for __aeabi_memcpy4
    __main.o(!!!main) refers to __rtentry.o(.ARM.Collect$$rtentry$$00000000) for __rt_entry
    __rtentry.o(.ARM.Collect$$rtentry$$00000000) refers (Special) to __rtentry2.o(.ARM.Collect$$rtentry$$0000000A) for __rt_entry_li
    __rtentry.o(.ARM.Collect$$rtentry$$00000000) refers (Special) to __rtentry2.o(.ARM.Collect$$rtentry$$0000000D) for __rt_entry_main
    __rtentry.o(.ARM.Collect$$rtentry$$00000000) refers (Special) to __rtentry2.o(.ARM.Collect$$rtentry$$0000000C) for __rt_entry_postli_1
    __rtentry.o(.ARM.Collect$$rtentry$$00000000) refers (Special) to __rtentry2.o(.ARM.Collect$$rtentry$$00000009) for __rt_entry_postsh_1
    __rtentry.o(.ARM.Collect$$rtentry$$00000000) refers (Special) to __rtentry2.o(.ARM.Collect$$rtentry$$00000002) for __rt_entry_presh_1
    __rtentry.o(.ARM.Collect$$rtentry$$00000000) refers (Special) to __rtentry4.o(.ARM.Collect$$rtentry$$00000004) for __rt_entry_sh
    _printf_intcommon.o(.text) refers (Weak) to _printf_pad.o(.text) for _printf_pre_padding
    _printf_intcommon.o(.text) refers (Weak) to _printf_pad.o(.text) for _printf_pre_padding
    _printf_intcommon.o(.text) refers (Weak) to _printf_pad.o(.text) for _printf_post_padding
    _printf_char_common.o(.text) refers to __printf_flags_wp.o(.text) for __printf
    _printf_char.o(.text) refers (Weak) to _printf_str.o(.text) for _printf_str
    _printf_char_file.o(.text) refers to _printf_char_common.o(.text) for _printf_char_common
    _printf_char_file.o(.text) refers to ferror.o(.text) for ferror
    _printf_char_file.o(.text) refers to usart.o(.text) for fputc
    __rtentry2.o(.ARM.Collect$$rtentry$$00000008) refers to boardinit2.o(.text) for _platform_post_stackheap_init
    __rtentry2.o(.ARM.Collect$$rtentry$$0000000A) refers to libinit.o(.ARM.Collect$$libinit$$00000000) for __rt_lib_init
    __rtentry2.o(.ARM.Collect$$rtentry$$0000000B) refers to boardinit3.o(.text) for _platform_post_lib_init
    __rtentry2.o(.ARM.Collect$$rtentry$$0000000D) refers to main.o(.text) for main
    __rtentry2.o(.ARM.Collect$$rtentry$$0000000D) refers to exit.o(.text) for exit
    __rtentry2.o(.ARM.exidx) refers to __rtentry2.o(.ARM.Collect$$rtentry$$00000001) for .ARM.Collect$$rtentry$$00000001
    __rtentry2.o(.ARM.exidx) refers to __rtentry2.o(.ARM.Collect$$rtentry$$00000008) for .ARM.Collect$$rtentry$$00000008
    __rtentry2.o(.ARM.exidx) refers to __rtentry2.o(.ARM.Collect$$rtentry$$0000000A) for .ARM.Collect$$rtentry$$0000000A
    __rtentry2.o(.ARM.exidx) refers to __rtentry2.o(.ARM.Collect$$rtentry$$0000000B) for .ARM.Collect$$rtentry$$0000000B
    __rtentry2.o(.ARM.exidx) refers to __rtentry2.o(.ARM.Collect$$rtentry$$0000000D) for .ARM.Collect$$rtentry$$0000000D
    __rtentry4.o(.ARM.Collect$$rtentry$$00000004) refers to sys_stackheap_outer.o(.text) for __user_setup_stackheap
    __rtentry4.o(.ARM.exidx) refers to __rtentry4.o(.ARM.Collect$$rtentry$$00000004) for .ARM.Collect$$rtentry$$00000004
    sys_stackheap_outer.o(.text) refers to libspace.o(.text) for __user_perproc_libspace
    sys_stackheap_outer.o(.text) refers to startup_stm32f10x_md.o(.text) for __user_initial_stackheap
    exit.o(.text) refers to rtexit.o(.ARM.Collect$$rtexit$$00000000) for __rt_exit
    libinit.o(.ARM.Collect$$libinit$$00000000) refers (Special) to libinit2.o(.ARM.Collect$$libinit$$0000002E) for __rt_lib_init_alloca_1
    libinit.o(.ARM.Collect$$libinit$$00000000) refers (Special) to libinit2.o(.ARM.Collect$$libinit$$0000002C) for __rt_lib_init_argv_1
    libinit.o(.ARM.Collect$$libinit$$00000000) refers (Special) to libinit2.o(.ARM.Collect$$libinit$$0000001B) for __rt_lib_init_atexit_1
    libinit.o(.ARM.Collect$$libinit$$00000000) refers (Special) to libinit2.o(.ARM.Collect$$libinit$$00000021) for __rt_lib_init_clock_1
    libinit.o(.ARM.Collect$$libinit$$00000000) refers (Special) to libinit2.o(.ARM.Collect$$libinit$$00000032) for __rt_lib_init_cpp_1
    libinit.o(.ARM.Collect$$libinit$$00000000) refers (Special) to libinit2.o(.ARM.Collect$$libinit$$00000030) for __rt_lib_init_exceptions_1
    libinit.o(.ARM.Collect$$libinit$$00000000) refers (Special) to libinit2.o(.ARM.Collect$$libinit$$00000002) for __rt_lib_init_fp_1
    libinit.o(.ARM.Collect$$libinit$$00000000) refers (Special) to libinit2.o(.ARM.Collect$$libinit$$0000001F) for __rt_lib_init_fp_trap_1
    libinit.o(.ARM.Collect$$libinit$$00000000) refers (Special) to libinit2.o(.ARM.Collect$$libinit$$00000023) for __rt_lib_init_getenv_1
    libinit.o(.ARM.Collect$$libinit$$00000000) refers (Special) to libinit2.o(.ARM.Collect$$libinit$$0000000A) for __rt_lib_init_heap_1
    libinit.o(.ARM.Collect$$libinit$$00000000) refers (Special) to libinit2.o(.ARM.Collect$$libinit$$00000011) for __rt_lib_init_lc_collate_1
    libinit.o(.ARM.Collect$$libinit$$00000000) refers (Special) to libinit2.o(.ARM.Collect$$libinit$$00000013) for __rt_lib_init_lc_ctype_1
    libinit.o(.ARM.Collect$$libinit$$00000000) refers (Special) to libinit2.o(.ARM.Collect$$libinit$$00000015) for __rt_lib_init_lc_monetary_1
    libinit.o(.ARM.Collect$$libinit$$00000000) refers (Special) to libinit2.o(.ARM.Collect$$libinit$$00000017) for __rt_lib_init_lc_numeric_1
    libinit.o(.ARM.Collect$$libinit$$00000000) refers (Special) to libinit2.o(.ARM.Collect$$libinit$$00000019) for __rt_lib_init_lc_time_1
    libinit.o(.ARM.Collect$$libinit$$00000000) refers (Special) to libinit2.o(.ARM.Collect$$libinit$$00000004) for __rt_lib_init_preinit_1
    libinit.o(.ARM.Collect$$libinit$$00000000) refers (Special) to libinit2.o(.ARM.Collect$$libinit$$0000000E) for __rt_lib_init_rand_1
    libinit.o(.ARM.Collect$$libinit$$00000000) refers (Special) to libinit2.o(.ARM.Collect$$libinit$$00000033) for __rt_lib_init_return
    libinit.o(.ARM.Collect$$libinit$$00000000) refers (Special) to libinit2.o(.ARM.Collect$$libinit$$0000001D) for __rt_lib_init_signal_1
    libinit.o(.ARM.Collect$$libinit$$00000000) refers (Special) to libinit2.o(.ARM.Collect$$libinit$$00000025) for __rt_lib_init_stdio_1
    libinit.o(.ARM.Collect$$libinit$$00000000) refers (Special) to libinit2.o(.ARM.Collect$$libinit$$0000000C) for __rt_lib_init_user_alloc_1
    libspace.o(.text) refers to libspace.o(.bss) for __libspace_start
    rtexit.o(.ARM.Collect$$rtexit$$00000000) refers (Special) to rtexit2.o(.ARM.Collect$$rtexit$$00000004) for __rt_exit_exit
    rtexit.o(.ARM.Collect$$rtexit$$00000000) refers (Special) to rtexit2.o(.ARM.Collect$$rtexit$$00000003) for __rt_exit_ls
    rtexit.o(.ARM.Collect$$rtexit$$00000000) refers (Special) to rtexit2.o(.ARM.Collect$$rtexit$$00000002) for __rt_exit_prels_1
    rtexit.o(.ARM.exidx) refers (Special) to rtexit2.o(.ARM.Collect$$rtexit$$00000004) for __rt_exit_exit
    rtexit.o(.ARM.exidx) refers (Special) to rtexit2.o(.ARM.Collect$$rtexit$$00000003) for __rt_exit_ls
    rtexit.o(.ARM.exidx) refers (Special) to rtexit2.o(.ARM.Collect$$rtexit$$00000002) for __rt_exit_prels_1
    rtexit.o(.ARM.exidx) refers to rtexit.o(.ARM.Collect$$rtexit$$00000000) for .ARM.Collect$$rtexit$$00000000
    libinit2.o(.ARM.Collect$$libinit$$00000010) refers to libinit2.o(.ARM.Collect$$libinit$$0000000F) for .ARM.Collect$$libinit$$0000000F
    libinit2.o(.ARM.Collect$$libinit$$00000012) refers to libinit2.o(.ARM.Collect$$libinit$$0000000F) for .ARM.Collect$$libinit$$0000000F
    libinit2.o(.ARM.Collect$$libinit$$00000014) refers to libinit2.o(.ARM.Collect$$libinit$$0000000F) for .ARM.Collect$$libinit$$0000000F
    libinit2.o(.ARM.Collect$$libinit$$00000016) refers to libinit2.o(.ARM.Collect$$libinit$$0000000F) for .ARM.Collect$$libinit$$0000000F
    libinit2.o(.ARM.Collect$$libinit$$00000018) refers to libinit2.o(.ARM.Collect$$libinit$$0000000F) for .ARM.Collect$$libinit$$0000000F
    libinit2.o(.ARM.Collect$$libinit$$00000026) refers to argv_veneer.o(.emb_text) for __ARM_argv_veneer
    libinit2.o(.ARM.Collect$$libinit$$00000027) refers to argv_veneer.o(.emb_text) for __ARM_argv_veneer
    rtexit2.o(.ARM.Collect$$rtexit$$00000003) refers to libshutdown.o(.ARM.Collect$$libshutdown$$00000000) for __rt_lib_shutdown
    rtexit2.o(.ARM.Collect$$rtexit$$00000004) refers to usart.o(.text) for _sys_exit
    rtexit2.o(.ARM.exidx) refers to rtexit2.o(.ARM.Collect$$rtexit$$00000001) for .ARM.Collect$$rtexit$$00000001
    rtexit2.o(.ARM.exidx) refers to rtexit2.o(.ARM.Collect$$rtexit$$00000003) for .ARM.Collect$$rtexit$$00000003
    rtexit2.o(.ARM.exidx) refers to rtexit2.o(.ARM.Collect$$rtexit$$00000004) for .ARM.Collect$$rtexit$$00000004
    argv_veneer.o(.emb_text) refers to no_argv.o(.text) for __ARM_get_argv
    _get_argv_nomalloc.o(.text) refers (Special) to hrguard.o(.text) for __heap_region$guard
    _get_argv_nomalloc.o(.text) refers to defsig_rtmem_outer.o(.text) for __rt_SIGRTMEM
    _get_argv_nomalloc.o(.text) refers to sys_command.o(.text) for _sys_command_string
    libshutdown.o(.ARM.Collect$$libshutdown$$00000000) refers (Special) to libshutdown2.o(.ARM.Collect$$libshutdown$$00000006) for __rt_lib_shutdown_fp_trap_1
    libshutdown.o(.ARM.Collect$$libshutdown$$00000000) refers (Special) to libshutdown2.o(.ARM.Collect$$libshutdown$$0000000E) for __rt_lib_shutdown_heap_1
    libshutdown.o(.ARM.Collect$$libshutdown$$00000000) refers (Special) to libshutdown2.o(.ARM.Collect$$libshutdown$$0000000F) for __rt_lib_shutdown_return
    libshutdown.o(.ARM.Collect$$libshutdown$$00000000) refers (Special) to libshutdown2.o(.ARM.Collect$$libshutdown$$00000009) for __rt_lib_shutdown_signal_1
    libshutdown.o(.ARM.Collect$$libshutdown$$00000000) refers (Special) to libshutdown2.o(.ARM.Collect$$libshutdown$$00000003) for __rt_lib_shutdown_stdio_1
    libshutdown.o(.ARM.Collect$$libshutdown$$00000000) refers (Special) to libshutdown2.o(.ARM.Collect$$libshutdown$$0000000B) for __rt_lib_shutdown_user_alloc_1
    sys_command.o(.text) refers (Special) to use_no_semi.o(.text) for __I$use$semihosting
    sys_command.o(.text) refers (Special) to indicate_semi.o(.text) for __semihosting_library_function
    defsig_rtmem_outer.o(.text) refers to defsig_rtmem_inner.o(.text) for __rt_SIGRTMEM_inner
    defsig_rtmem_outer.o(.text) refers to defsig_exit.o(.text) for __sig_exit
    defsig_rtmem_formal.o(.text) refers to rt_raise.o(.text) for __rt_raise
    rt_raise.o(.text) refers to __raise.o(.text) for __raise
    rt_raise.o(.text) refers to usart.o(.text) for _sys_exit
    defsig_exit.o(.text) refers to usart.o(.text) for _sys_exit
    defsig_rtmem_inner.o(.text) refers to defsig_general.o(.text) for __default_signal_display
    __raise.o(.text) refers to defsig.o(CL$$defsig) for __default_signal_handler
    defsig_general.o(.text) refers to sys_wrch.o(.text) for _ttywrch
    sys_wrch.o(.text) refers (Special) to use_no_semi.o(.text) for __I$use$semihosting
    sys_wrch.o(.text) refers (Special) to indicate_semi.o(.text) for __semihosting_library_function
    defsig.o(CL$$defsig) refers to defsig_rtmem_inner.o(.text) for __rt_SIGRTMEM_inner
    defsig_abrt_inner.o(.text) refers to defsig_general.o(.text) for __default_signal_display
    defsig_fpe_inner.o(.text) refers to defsig_general.o(.text) for __default_signal_display
    defsig_rtred_inner.o(.text) refers to defsig_general.o(.text) for __default_signal_display
    defsig_stak_inner.o(.text) refers to defsig_general.o(.text) for __default_signal_display
    defsig_pvfn_inner.o(.text) refers to defsig_general.o(.text) for __default_signal_display
    defsig_cppl_inner.o(.text) refers to defsig_general.o(.text) for __default_signal_display
    defsig_segv_inner.o(.text) refers to defsig_general.o(.text) for __default_signal_display
    defsig_other.o(.text) refers to defsig_general.o(.text) for __default_signal_display


==============================================================================

Removing Unused input sections from the image.

    Removing beep.o(.text), (56 bytes).
    Removing sys.o(.emb_text), (6 bytes).
    Removing sys.o(.text), (12 bytes).
    Removing core_cm3.o(.emb_text), (32 bytes).
    Removing stm32f10x_spi.o(.text), (780 bytes).

5 unused section(s) (total 886 bytes) removed from the image.

==============================================================================

Image Symbol Table

    Local Symbols

    Symbol Name                              Value     Ov Type        Size  Object(Section)

    ../clib/angel/boardlib.s                 0x00000000   Number         0  boardinit1.o ABSOLUTE
    ../clib/angel/boardlib.s                 0x00000000   Number         0  boardinit2.o ABSOLUTE
    ../clib/angel/boardlib.s                 0x00000000   Number         0  boardinit3.o ABSOLUTE
    ../clib/angel/boardlib.s                 0x00000000   Number         0  boardshut.o ABSOLUTE
    ../clib/angel/dczerorl2.s                0x00000000   Number         0  __dczerorl2.o ABSOLUTE
    ../clib/angel/handlers.s                 0x00000000   Number         0  __scatter_zi.o ABSOLUTE
    ../clib/angel/kernel.s                   0x00000000   Number         0  __rtentry4.o ABSOLUTE
    ../clib/angel/kernel.s                   0x00000000   Number         0  __rtentry.o ABSOLUTE
    ../clib/angel/kernel.s                   0x00000000   Number         0  __rtentry2.o ABSOLUTE
    ../clib/angel/kernel.s                   0x00000000   Number         0  rtexit2.o ABSOLUTE
    ../clib/angel/kernel.s                   0x00000000   Number         0  rtexit.o ABSOLUTE
    ../clib/angel/rt.s                       0x00000000   Number         0  rt_raise.o ABSOLUTE
    ../clib/angel/scatter.s                  0x00000000   Number         0  __scatter.o ABSOLUTE
    ../clib/angel/startup.s                  0x00000000   Number         0  __main.o ABSOLUTE
    ../clib/angel/sys.s                      0x00000000   Number         0  sys_stackheap_outer.o ABSOLUTE
    ../clib/angel/sys.s                      0x00000000   Number         0  libspace.o ABSOLUTE
    ../clib/angel/sys.s                      0x00000000   Number         0  indicate_semi.o ABSOLUTE
    ../clib/angel/sys.s                      0x00000000   Number         0  use_no_semi_2.o ABSOLUTE
    ../clib/angel/sys.s                      0x00000000   Number         0  use_no_semi.o ABSOLUTE
    ../clib/angel/sysapp.c                   0x00000000   Number         0  sys_command.o ABSOLUTE
    ../clib/angel/sysapp.c                   0x00000000   Number         0  sys_wrch.o ABSOLUTE
    ../clib/armsys.c                         0x00000000   Number         0  no_argv.o ABSOLUTE
    ../clib/armsys.c                         0x00000000   Number         0  _get_argv_nomalloc.o ABSOLUTE
    ../clib/armsys.c                         0x00000000   Number         0  argv_veneer.o ABSOLUTE
    ../clib/armsys.c                         0x00000000   Number         0  argv_veneer.o ABSOLUTE
    ../clib/heapalloc.c                      0x00000000   Number         0  hrguard.o ABSOLUTE
    ../clib/heapaux.c                        0x00000000   Number         0  heapauxi.o ABSOLUTE
    ../clib/libinit.s                        0x00000000   Number         0  libshutdown.o ABSOLUTE
    ../clib/libinit.s                        0x00000000   Number         0  libinit2.o ABSOLUTE
    ../clib/libinit.s                        0x00000000   Number         0  libshutdown2.o ABSOLUTE
    ../clib/libinit.s                        0x00000000   Number         0  libinit.o ABSOLUTE
    ../clib/memcpset.s                       0x00000000   Number         0  rt_memcpy_v6.o ABSOLUTE
    ../clib/memcpset.s                       0x00000000   Number         0  rt_memcpy_w.o ABSOLUTE
    ../clib/misc.s                           0x00000000   Number         0  printf_stubs.o ABSOLUTE
    ../clib/printf.c                         0x00000000   Number         0  _printf_char_common.o ABSOLUTE
    ../clib/printf.c                         0x00000000   Number         0  _printf_intcommon.o ABSOLUTE
    ../clib/printf.c                         0x00000000   Number         0  _printf_hex_int.o ABSOLUTE
    ../clib/printf.c                         0x00000000   Number         0  _printf_hex_int_ll.o ABSOLUTE
    ../clib/printf.c                         0x00000000   Number         0  _printf_hex_ptr.o ABSOLUTE
    ../clib/printf.c                         0x00000000   Number         0  _printf_hex_int_ptr.o ABSOLUTE
    ../clib/printf.c                         0x00000000   Number         0  _printf_hex_int_ll_ptr.o ABSOLUTE
    ../clib/printf.c                         0x00000000   Number         0  __printf_flags.o ABSOLUTE
    ../clib/printf.c                         0x00000000   Number         0  __printf_ss.o ABSOLUTE
    ../clib/printf.c                         0x00000000   Number         0  __printf_flags_ss.o ABSOLUTE
    ../clib/printf.c                         0x00000000   Number         0  __printf_wp.o ABSOLUTE
    ../clib/printf.c                         0x00000000   Number         0  __printf_nopercent.o ABSOLUTE
    ../clib/printf.c                         0x00000000   Number         0  __printf_ss_wp.o ABSOLUTE
    ../clib/printf.c                         0x00000000   Number         0  __printf_flags_ss_wp.o ABSOLUTE
    ../clib/printf.c                         0x00000000   Number         0  _printf_char_file.o ABSOLUTE
    ../clib/printf.c                         0x00000000   Number         0  _printf_char.o ABSOLUTE
    ../clib/printf.c                         0x00000000   Number         0  _sputc.o ABSOLUTE
    ../clib/printf.c                         0x00000000   Number         0  _printf_hex_ll_ptr.o ABSOLUTE
    ../clib/printf.c                         0x00000000   Number         0  __printf_flags_wp.o ABSOLUTE
    ../clib/printf.c                         0x00000000   Number         0  __2printf.o ABSOLUTE
    ../clib/printf.c                         0x00000000   Number         0  __2sprintf.o ABSOLUTE
    ../clib/printf.c                         0x00000000   Number         0  noretval__2printf.o ABSOLUTE
    ../clib/printf.c                         0x00000000   Number         0  noretval__2sprintf.o ABSOLUTE
    ../clib/printf.c                         0x00000000   Number         0  __printf.o ABSOLUTE
    ../clib/printf.c                         0x00000000   Number         0  _printf_pad.o ABSOLUTE
    ../clib/printf.c                         0x00000000   Number         0  _printf_str.o ABSOLUTE
    ../clib/printf.c                         0x00000000   Number         0  _printf_dec.o ABSOLUTE
    ../clib/printf.c                         0x00000000   Number         0  _printf_hex_ll.o ABSOLUTE
    ../clib/printf_percent.s                 0x00000000   Number         0  _printf_percent.o ABSOLUTE
    ../clib/printf_percent.s                 0x00000000   Number         0  _printf_x.o ABSOLUTE
    ../clib/printf_percent.s                 0x00000000   Number         0  _printf_d.o ABSOLUTE
    ../clib/printf_percent.s                 0x00000000   Number         0  _printf_percent_end.o ABSOLUTE
    ../clib/printf_percent.s                 0x00000000   Number         0  _printf_s.o ABSOLUTE
    ../clib/signal.c                         0x00000000   Number         0  defsig_cppl_inner.o ABSOLUTE
    ../clib/signal.c                         0x00000000   Number         0  defsig_other.o ABSOLUTE
    ../clib/signal.c                         0x00000000   Number         0  defsig_segv_inner.o ABSOLUTE
    ../clib/signal.c                         0x00000000   Number         0  defsig_rtmem_formal.o ABSOLUTE
    ../clib/signal.c                         0x00000000   Number         0  __raise.o ABSOLUTE
    ../clib/signal.c                         0x00000000   Number         0  defsig_fpe_inner.o ABSOLUTE
    ../clib/signal.c                         0x00000000   Number         0  defsig_pvfn_inner.o ABSOLUTE
    ../clib/signal.c                         0x00000000   Number         0  defsig_stak_inner.o ABSOLUTE
    ../clib/signal.c                         0x00000000   Number         0  defsig_general.o ABSOLUTE
    ../clib/signal.c                         0x00000000   Number         0  defsig_rtred_inner.o ABSOLUTE
    ../clib/signal.c                         0x00000000   Number         0  defsig_exit.o ABSOLUTE
    ../clib/signal.c                         0x00000000   Number         0  defsig_abrt_inner.o ABSOLUTE
    ../clib/signal.c                         0x00000000   Number         0  defsig_rtmem_outer.o ABSOLUTE
    ../clib/signal.c                         0x00000000   Number         0  defsig_rtmem_inner.o ABSOLUTE
    ../clib/signal.s                         0x00000000   Number         0  defsig.o ABSOLUTE
    ../clib/stdio.c                          0x00000000   Number         0  ferror.o ABSOLUTE
    ../clib/stdio.c                          0x00000000   Number         0  ferror_locked.o ABSOLUTE
    ../clib/stdlib.c                         0x00000000   Number         0  exit.o ABSOLUTE
    ../fplib/fpinit.s                        0x00000000   Number         0  fpinit.o ABSOLUTE
    ..\CORE\core_cm3.c                       0x00000000   Number         0  core_cm3.o ABSOLUTE
    ..\CORE\startup_stm32f10x_md.s           0x00000000   Number         0  startup_stm32f10x_md.o ABSOLUTE
    ..\HARDWARE\BEEP\beep.c                  0x00000000   Number         0  beep.o ABSOLUTE
    ..\HARDWARE\KEY\key.c                    0x00000000   Number         0  key.o ABSOLUTE
    ..\HARDWARE\LED\led.c                    0x00000000   Number         0  led.o ABSOLUTE
    ..\HARDWARE\OLED\oled.c                  0x00000000   Number         0  oled.o ABSOLUTE
    ..\HARDWARE\RC522\rc522.c                0x00000000   Number         0  rc522.o ABSOLUTE
    ..\STM32F10x_FWLib\src\misc.c            0x00000000   Number         0  misc.o ABSOLUTE
    ..\STM32F10x_FWLib\src\stm32f10x_exti.c  0x00000000   Number         0  stm32f10x_exti.o ABSOLUTE
    ..\STM32F10x_FWLib\src\stm32f10x_gpio.c  0x00000000   Number         0  stm32f10x_gpio.o ABSOLUTE
    ..\STM32F10x_FWLib\src\stm32f10x_rcc.c   0x00000000   Number         0  stm32f10x_rcc.o ABSOLUTE
    ..\STM32F10x_FWLib\src\stm32f10x_spi.c   0x00000000   Number         0  stm32f10x_spi.o ABSOLUTE
    ..\STM32F10x_FWLib\src\stm32f10x_usart.c 0x00000000   Number         0  stm32f10x_usart.o ABSOLUTE
    ..\SYSTEM\delay\delay.c                  0x00000000   Number         0  delay.o ABSOLUTE
    ..\SYSTEM\sys\sys.c                      0x00000000   Number         0  sys.o ABSOLUTE
    ..\SYSTEM\usart\usart.c                  0x00000000   Number         0  usart.o ABSOLUTE
    ..\\CORE\\core_cm3.c                     0x00000000   Number         0  core_cm3.o ABSOLUTE
    ..\\SYSTEM\\sys\\sys.c                   0x00000000   Number         0  sys.o ABSOLUTE
    dc.s                                     0x00000000   Number         0  dc.o ABSOLUTE
    main.c                                   0x00000000   Number         0  main.o ABSOLUTE
    stm32f10x_it.c                           0x00000000   Number         0  stm32f10x_it.o ABSOLUTE
    system_stm32f10x.c                       0x00000000   Number         0  system_stm32f10x.o ABSOLUTE
    RESET                                    0x08000000   Section      236  startup_stm32f10x_md.o(RESET)
    !!!main                                  0x080000ec   Section        8  __main.o(!!!main)
    !!!scatter                               0x080000f4   Section       52  __scatter.o(!!!scatter)
    !!dczerorl2                              0x08000128   Section       90  __dczerorl2.o(!!dczerorl2)
    !!handler_zi                             0x08000184   Section       28  __scatter_zi.o(!!handler_zi)
    .ARM.Collect$$_printf_percent$$00000000  0x080001a0   Section        0  _printf_percent.o(.ARM.Collect$$_printf_percent$$00000000)
    .ARM.Collect$$_printf_percent$$00000009  0x080001a0   Section        6  _printf_d.o(.ARM.Collect$$_printf_percent$$00000009)
    .ARM.Collect$$_printf_percent$$0000000C  0x080001a6   Section        6  _printf_x.o(.ARM.Collect$$_printf_percent$$0000000C)
    .ARM.Collect$$_printf_percent$$00000014  0x080001ac   Section        6  _printf_s.o(.ARM.Collect$$_printf_percent$$00000014)
    .ARM.Collect$$_printf_percent$$00000017  0x080001b2   Section        4  _printf_percent_end.o(.ARM.Collect$$_printf_percent$$00000017)
    .ARM.Collect$$libinit$$00000000          0x080001b6   Section        2  libinit.o(.ARM.Collect$$libinit$$00000000)
    .ARM.Collect$$libinit$$00000002          0x080001b8   Section        0  libinit2.o(.ARM.Collect$$libinit$$00000002)
    .ARM.Collect$$libinit$$00000004          0x080001b8   Section        0  libinit2.o(.ARM.Collect$$libinit$$00000004)
    .ARM.Collect$$libinit$$0000000A          0x080001b8   Section        0  libinit2.o(.ARM.Collect$$libinit$$0000000A)
    .ARM.Collect$$libinit$$0000000C          0x080001b8   Section        0  libinit2.o(.ARM.Collect$$libinit$$0000000C)
    .ARM.Collect$$libinit$$0000000E          0x080001b8   Section        0  libinit2.o(.ARM.Collect$$libinit$$0000000E)
    .ARM.Collect$$libinit$$00000011          0x080001b8   Section        0  libinit2.o(.ARM.Collect$$libinit$$00000011)
    .ARM.Collect$$libinit$$00000013          0x080001b8   Section        0  libinit2.o(.ARM.Collect$$libinit$$00000013)
    .ARM.Collect$$libinit$$00000015          0x080001b8   Section        0  libinit2.o(.ARM.Collect$$libinit$$00000015)
    .ARM.Collect$$libinit$$00000017          0x080001b8   Section        0  libinit2.o(.ARM.Collect$$libinit$$00000017)
    .ARM.Collect$$libinit$$00000019          0x080001b8   Section        0  libinit2.o(.ARM.Collect$$libinit$$00000019)
    .ARM.Collect$$libinit$$0000001B          0x080001b8   Section        0  libinit2.o(.ARM.Collect$$libinit$$0000001B)
    .ARM.Collect$$libinit$$0000001D          0x080001b8   Section        0  libinit2.o(.ARM.Collect$$libinit$$0000001D)
    .ARM.Collect$$libinit$$0000001F          0x080001b8   Section        0  libinit2.o(.ARM.Collect$$libinit$$0000001F)
    .ARM.Collect$$libinit$$00000021          0x080001b8   Section        0  libinit2.o(.ARM.Collect$$libinit$$00000021)
    .ARM.Collect$$libinit$$00000023          0x080001b8   Section        0  libinit2.o(.ARM.Collect$$libinit$$00000023)
    .ARM.Collect$$libinit$$00000025          0x080001b8   Section        0  libinit2.o(.ARM.Collect$$libinit$$00000025)
    .ARM.Collect$$libinit$$0000002C          0x080001b8   Section        0  libinit2.o(.ARM.Collect$$libinit$$0000002C)
    .ARM.Collect$$libinit$$0000002E          0x080001b8   Section        0  libinit2.o(.ARM.Collect$$libinit$$0000002E)
    .ARM.Collect$$libinit$$00000030          0x080001b8   Section        0  libinit2.o(.ARM.Collect$$libinit$$00000030)
    .ARM.Collect$$libinit$$00000032          0x080001b8   Section        0  libinit2.o(.ARM.Collect$$libinit$$00000032)
    .ARM.Collect$$libinit$$00000033          0x080001b8   Section        2  libinit2.o(.ARM.Collect$$libinit$$00000033)
    .ARM.Collect$$libshutdown$$00000000      0x080001ba   Section        2  libshutdown.o(.ARM.Collect$$libshutdown$$00000000)
    .ARM.Collect$$libshutdown$$00000003      0x080001bc   Section        0  libshutdown2.o(.ARM.Collect$$libshutdown$$00000003)
    .ARM.Collect$$libshutdown$$00000006      0x080001bc   Section        0  libshutdown2.o(.ARM.Collect$$libshutdown$$00000006)
    .ARM.Collect$$libshutdown$$00000009      0x080001bc   Section        0  libshutdown2.o(.ARM.Collect$$libshutdown$$00000009)
    .ARM.Collect$$libshutdown$$0000000B      0x080001bc   Section        0  libshutdown2.o(.ARM.Collect$$libshutdown$$0000000B)
    .ARM.Collect$$libshutdown$$0000000E      0x080001bc   Section        0  libshutdown2.o(.ARM.Collect$$libshutdown$$0000000E)
    .ARM.Collect$$libshutdown$$0000000F      0x080001bc   Section        2  libshutdown2.o(.ARM.Collect$$libshutdown$$0000000F)
    .ARM.Collect$$rtentry$$00000000          0x080001be   Section        0  __rtentry.o(.ARM.Collect$$rtentry$$00000000)
    .ARM.Collect$$rtentry$$00000002          0x080001be   Section        0  __rtentry2.o(.ARM.Collect$$rtentry$$00000002)
    .ARM.Collect$$rtentry$$00000004          0x080001be   Section        6  __rtentry4.o(.ARM.Collect$$rtentry$$00000004)
    .ARM.Collect$$rtentry$$00000009          0x080001c4   Section        0  __rtentry2.o(.ARM.Collect$$rtentry$$00000009)
    .ARM.Collect$$rtentry$$0000000A          0x080001c4   Section        4  __rtentry2.o(.ARM.Collect$$rtentry$$0000000A)
    .ARM.Collect$$rtentry$$0000000C          0x080001c8   Section        0  __rtentry2.o(.ARM.Collect$$rtentry$$0000000C)
    .ARM.Collect$$rtentry$$0000000D          0x080001c8   Section        8  __rtentry2.o(.ARM.Collect$$rtentry$$0000000D)
    .ARM.Collect$$rtexit$$00000000           0x080001d0   Section        2  rtexit.o(.ARM.Collect$$rtexit$$00000000)
    .ARM.Collect$$rtexit$$00000002           0x080001d2   Section        0  rtexit2.o(.ARM.Collect$$rtexit$$00000002)
    .ARM.Collect$$rtexit$$00000003           0x080001d2   Section        4  rtexit2.o(.ARM.Collect$$rtexit$$00000003)
    .ARM.Collect$$rtexit$$00000004           0x080001d6   Section        6  rtexit2.o(.ARM.Collect$$rtexit$$00000004)
    .text                                    0x080001dc   Section        0  main.o(.text)
    .text                                    0x080004f0   Section        0  stm32f10x_it.o(.text)
    .text                                    0x0800050c   Section        0  system_stm32f10x.o(.text)
    SetSysClockTo72                          0x0800050d   Thumb Code   214  system_stm32f10x.o(.text)
    SetSysClock                              0x080005e3   Thumb Code     8  system_stm32f10x.o(.text)
    .text                                    0x080006ec   Section        0  led.o(.text)
    .text                                    0x08000724   Section        0  key.o(.text)
    .text                                    0x080007c0   Section        0  rc522.o(.text)
    .text                                    0x08001744   Section        0  oled.o(.text)
    .text                                    0x08001d64   Section        0  delay.o(.text)
    .text                                    0x08001e38   Section        0  usart.o(.text)
    .text                                    0x08001f78   Section       64  startup_stm32f10x_md.o(.text)
    .text                                    0x08001fb8   Section        0  misc.o(.text)
    .text                                    0x08002094   Section        0  stm32f10x_gpio.o(.text)
    .text                                    0x080023f0   Section        0  stm32f10x_rcc.o(.text)
    .text                                    0x08002794   Section        0  stm32f10x_usart.o(.text)
    .text                                    0x08002b9c   Section        0  stm32f10x_exti.o(.text)
    .text                                    0x08002cb8   Section        2  use_no_semi_2.o(.text)
    .text                                    0x08002cbc   Section        0  noretval__2printf.o(.text)
    .text                                    0x08002cd4   Section        0  noretval__2sprintf.o(.text)
    .text                                    0x08002cfc   Section        0  _printf_pad.o(.text)
    .text                                    0x08002d4a   Section        0  _printf_str.o(.text)
    .text                                    0x08002d9c   Section        0  _printf_dec.o(.text)
    .text                                    0x08002e14   Section        0  _printf_hex_int.o(.text)
    .text                                    0x08002e6c   Section        0  __printf_flags_wp.o(.text)
    .text                                    0x08002fa4   Section      138  rt_memcpy_v6.o(.text)
    .text                                    0x0800302e   Section        0  heapauxi.o(.text)
    .text                                    0x08003034   Section        2  use_no_semi.o(.text)
    .text                                    0x08003036   Section        0  _printf_intcommon.o(.text)
    .text                                    0x080030e8   Section        0  _printf_char_common.o(.text)
    _printf_input_char                       0x080030e9   Thumb Code    10  _printf_char_common.o(.text)
    .text                                    0x08003118   Section        0  _sputc.o(.text)
    .text                                    0x08003122   Section        0  _printf_char.o(.text)
    .text                                    0x08003150   Section        0  _printf_char_file.o(.text)
    .text                                    0x08003174   Section      100  rt_memcpy_w.o(.text)
    .text                                    0x080031d8   Section        0  ferror.o(.text)
    .text                                    0x080031e0   Section       74  sys_stackheap_outer.o(.text)
    .text                                    0x0800322a   Section        0  exit.o(.text)
    .text                                    0x08003238   Section        8  libspace.o(.text)
    i._is_digit                              0x08003240   Section        0  __printf_wp.o(i._is_digit)
    .constdata                               0x0800324e   Section     2072  oled.o(.constdata)
    .constdata                               0x08003a66   Section       40  _printf_hex_int.o(.constdata)
    uc_hextab                                0x08003a66   Data          20  _printf_hex_int.o(.constdata)
    lc_hextab                                0x08003a7a   Data          20  _printf_hex_int.o(.constdata)
    .constdata                               0x08003a8e   Section       17  __printf_flags_wp.o(.constdata)
    maptable                                 0x08003a8e   Data          17  __printf_flags_wp.o(.constdata)
    .data                                    0x20000000   Section       24  main.o(.data)
    .data                                    0x20000018   Section       20  system_stm32f10x.o(.data)
    .data                                    0x2000002c   Section       69  rc522.o(.data)
    .data                                    0x20000071   Section     1282  oled.o(.data)
    .data                                    0x20000574   Section        4  delay.o(.data)
    fac_us                                   0x20000574   Data           1  delay.o(.data)
    fac_ms                                   0x20000576   Data           2  delay.o(.data)
    .data                                    0x20000578   Section        6  usart.o(.data)
    .data                                    0x2000057e   Section       20  stm32f10x_rcc.o(.data)
    APBAHBPrescTable                         0x2000057e   Data          16  stm32f10x_rcc.o(.data)
    ADCPrescTable                            0x2000058e   Data           4  stm32f10x_rcc.o(.data)
    .bss                                     0x20000594   Section       16  main.o(.bss)
    .bss                                     0x200005a4   Section      909  rc522.o(.bss)
    .bss                                     0x20000931   Section      200  usart.o(.bss)
    .bss                                     0x200009fc   Section       96  libspace.o(.bss)
    HEAP                                     0x20000a60   Section      512  startup_stm32f10x_md.o(HEAP)
    Heap_Mem                                 0x20000a60   Data         512  startup_stm32f10x_md.o(HEAP)
    STACK                                    0x20000c60   Section     1024  startup_stm32f10x_md.o(STACK)
    Stack_Mem                                0x20000c60   Data        1024  startup_stm32f10x_md.o(STACK)
    __initial_sp                             0x20001060   Data           0  startup_stm32f10x_md.o(STACK)

    Global Symbols

    Symbol Name                              Value     Ov Type        Size  Object(Section)

    BuildAttributes$$THM_ISAv4$P$D$K$B$S$PE$A:L22UL41UL21$X:L11$S22US41US21$IEEE1$IW$USESV6$~STKCKD$USESV7$~SHL$OSPACE$ROPI$EBA8$UX$STANDARDLIB$REQ8$PRES8$EABIv2 0x00000000   Number         0  anon$$obj.o ABSOLUTE
    __ARM_use_no_argv                        0x00000000   Number         0  main.o ABSOLUTE
    _printf_flags                            0x00000000   Number         0  printf_stubs.o ABSOLUTE
    _printf_return_value                     0x00000000   Number         0  printf_stubs.o ABSOLUTE
    _printf_sizespec                         0x00000000   Number         0  printf_stubs.o ABSOLUTE
    _printf_widthprec                        0x00000000   Number         0  printf_stubs.o ABSOLUTE
    __ARM_exceptions_init                     - Undefined Weak Reference
    __alloca_initialize                       - Undefined Weak Reference
    __arm_preinit_                            - Undefined Weak Reference
    __cpp_initialize__aeabi_                  - Undefined Weak Reference
    __cxa_finalize                            - Undefined Weak Reference
    __rt_locale                               - Undefined Weak Reference
    __sigvec_lookup                           - Undefined Weak Reference
    _atexit_init                              - Undefined Weak Reference
    _call_atexit_fns                          - Undefined Weak Reference
    _clock_init                               - Undefined Weak Reference
    _fp_trap_init                             - Undefined Weak Reference
    _fp_trap_shutdown                         - Undefined Weak Reference
    _get_lc_collate                           - Undefined Weak Reference
    _get_lc_ctype                             - Undefined Weak Reference
    _get_lc_monetary                          - Undefined Weak Reference
    _get_lc_numeric                           - Undefined Weak Reference
    _get_lc_time                              - Undefined Weak Reference
    _getenv_init                              - Undefined Weak Reference
    _handle_redirection                       - Undefined Weak Reference
    _init_alloc                               - Undefined Weak Reference
    _init_user_alloc                          - Undefined Weak Reference
    _initio                                   - Undefined Weak Reference
    _mutex_acquire                            - Undefined Weak Reference
    _mutex_release                            - Undefined Weak Reference
    _printf_mbtowc                            - Undefined Weak Reference
    _printf_truncate_signed                   - Undefined Weak Reference
    _printf_truncate_unsigned                 - Undefined Weak Reference
    _rand_init                                - Undefined Weak Reference
    _signal_finish                            - Undefined Weak Reference
    _signal_init                              - Undefined Weak Reference
    _terminate_alloc                          - Undefined Weak Reference
    _terminate_user_alloc                     - Undefined Weak Reference
    _terminateio                              - Undefined Weak Reference
    __Vectors_Size                           0x000000ec   Number         0  startup_stm32f10x_md.o ABSOLUTE
    __Vectors                                0x08000000   Data           4  startup_stm32f10x_md.o(RESET)
    __Vectors_End                            0x080000ec   Data           0  startup_stm32f10x_md.o(RESET)
    __main                                   0x080000ed   Thumb Code     8  __main.o(!!!main)
    __scatterload                            0x080000f5   Thumb Code     0  __scatter.o(!!!scatter)
    __scatterload_rt2                        0x080000f5   Thumb Code    44  __scatter.o(!!!scatter)
    __scatterload_rt2_thumb_only             0x080000f5   Thumb Code     0  __scatter.o(!!!scatter)
    __scatterload_null                       0x08000103   Thumb Code     0  __scatter.o(!!!scatter)
    __decompress                             0x08000129   Thumb Code    90  __dczerorl2.o(!!dczerorl2)
    __decompress1                            0x08000129   Thumb Code     0  __dczerorl2.o(!!dczerorl2)
    __scatterload_zeroinit                   0x08000185   Thumb Code    28  __scatter_zi.o(!!handler_zi)
    _printf_d                                0x080001a1   Thumb Code     0  _printf_d.o(.ARM.Collect$$_printf_percent$$00000009)
    _printf_percent                          0x080001a1   Thumb Code     0  _printf_percent.o(.ARM.Collect$$_printf_percent$$00000000)
    _printf_x                                0x080001a7   Thumb Code     0  _printf_x.o(.ARM.Collect$$_printf_percent$$0000000C)
    _printf_s                                0x080001ad   Thumb Code     0  _printf_s.o(.ARM.Collect$$_printf_percent$$00000014)
    _printf_percent_end                      0x080001b3   Thumb Code     0  _printf_percent_end.o(.ARM.Collect$$_printf_percent$$00000017)
    __rt_lib_init                            0x080001b7   Thumb Code     0  libinit.o(.ARM.Collect$$libinit$$00000000)
    __rt_lib_init_alloca_1                   0x080001b9   Thumb Code     0  libinit2.o(.ARM.Collect$$libinit$$0000002E)
    __rt_lib_init_argv_1                     0x080001b9   Thumb Code     0  libinit2.o(.ARM.Collect$$libinit$$0000002C)
    __rt_lib_init_atexit_1                   0x080001b9   Thumb Code     0  libinit2.o(.ARM.Collect$$libinit$$0000001B)
    __rt_lib_init_clock_1                    0x080001b9   Thumb Code     0  libinit2.o(.ARM.Collect$$libinit$$00000021)
    __rt_lib_init_cpp_1                      0x080001b9   Thumb Code     0  libinit2.o(.ARM.Collect$$libinit$$00000032)
    __rt_lib_init_exceptions_1               0x080001b9   Thumb Code     0  libinit2.o(.ARM.Collect$$libinit$$00000030)
    __rt_lib_init_fp_1                       0x080001b9   Thumb Code     0  libinit2.o(.ARM.Collect$$libinit$$00000002)
    __rt_lib_init_fp_trap_1                  0x080001b9   Thumb Code     0  libinit2.o(.ARM.Collect$$libinit$$0000001F)
    __rt_lib_init_getenv_1                   0x080001b9   Thumb Code     0  libinit2.o(.ARM.Collect$$libinit$$00000023)
    __rt_lib_init_heap_1                     0x080001b9   Thumb Code     0  libinit2.o(.ARM.Collect$$libinit$$0000000A)
    __rt_lib_init_lc_collate_1               0x080001b9   Thumb Code     0  libinit2.o(.ARM.Collect$$libinit$$00000011)
    __rt_lib_init_lc_ctype_1                 0x080001b9   Thumb Code     0  libinit2.o(.ARM.Collect$$libinit$$00000013)
    __rt_lib_init_lc_monetary_1              0x080001b9   Thumb Code     0  libinit2.o(.ARM.Collect$$libinit$$00000015)
    __rt_lib_init_lc_numeric_1               0x080001b9   Thumb Code     0  libinit2.o(.ARM.Collect$$libinit$$00000017)
    __rt_lib_init_lc_time_1                  0x080001b9   Thumb Code     0  libinit2.o(.ARM.Collect$$libinit$$00000019)
    __rt_lib_init_preinit_1                  0x080001b9   Thumb Code     0  libinit2.o(.ARM.Collect$$libinit$$00000004)
    __rt_lib_init_rand_1                     0x080001b9   Thumb Code     0  libinit2.o(.ARM.Collect$$libinit$$0000000E)
    __rt_lib_init_return                     0x080001b9   Thumb Code     0  libinit2.o(.ARM.Collect$$libinit$$00000033)
    __rt_lib_init_signal_1                   0x080001b9   Thumb Code     0  libinit2.o(.ARM.Collect$$libinit$$0000001D)
    __rt_lib_init_stdio_1                    0x080001b9   Thumb Code     0  libinit2.o(.ARM.Collect$$libinit$$00000025)
    __rt_lib_init_user_alloc_1               0x080001b9   Thumb Code     0  libinit2.o(.ARM.Collect$$libinit$$0000000C)
    __rt_lib_shutdown                        0x080001bb   Thumb Code     0  libshutdown.o(.ARM.Collect$$libshutdown$$00000000)
    __rt_lib_shutdown_fp_trap_1              0x080001bd   Thumb Code     0  libshutdown2.o(.ARM.Collect$$libshutdown$$00000006)
    __rt_lib_shutdown_heap_1                 0x080001bd   Thumb Code     0  libshutdown2.o(.ARM.Collect$$libshutdown$$0000000E)
    __rt_lib_shutdown_return                 0x080001bd   Thumb Code     0  libshutdown2.o(.ARM.Collect$$libshutdown$$0000000F)
    __rt_lib_shutdown_signal_1               0x080001bd   Thumb Code     0  libshutdown2.o(.ARM.Collect$$libshutdown$$00000009)
    __rt_lib_shutdown_stdio_1                0x080001bd   Thumb Code     0  libshutdown2.o(.ARM.Collect$$libshutdown$$00000003)
    __rt_lib_shutdown_user_alloc_1           0x080001bd   Thumb Code     0  libshutdown2.o(.ARM.Collect$$libshutdown$$0000000B)
    __rt_entry                               0x080001bf   Thumb Code     0  __rtentry.o(.ARM.Collect$$rtentry$$00000000)
    __rt_entry_presh_1                       0x080001bf   Thumb Code     0  __rtentry2.o(.ARM.Collect$$rtentry$$00000002)
    __rt_entry_sh                            0x080001bf   Thumb Code     0  __rtentry4.o(.ARM.Collect$$rtentry$$00000004)
    __rt_entry_li                            0x080001c5   Thumb Code     0  __rtentry2.o(.ARM.Collect$$rtentry$$0000000A)
    __rt_entry_postsh_1                      0x080001c5   Thumb Code     0  __rtentry2.o(.ARM.Collect$$rtentry$$00000009)
    __rt_entry_main                          0x080001c9   Thumb Code     0  __rtentry2.o(.ARM.Collect$$rtentry$$0000000D)
    __rt_entry_postli_1                      0x080001c9   Thumb Code     0  __rtentry2.o(.ARM.Collect$$rtentry$$0000000C)
    __rt_exit                                0x080001d1   Thumb Code     0  rtexit.o(.ARM.Collect$$rtexit$$00000000)
    __rt_exit_ls                             0x080001d3   Thumb Code     0  rtexit2.o(.ARM.Collect$$rtexit$$00000003)
    __rt_exit_prels_1                        0x080001d3   Thumb Code     0  rtexit2.o(.ARM.Collect$$rtexit$$00000002)
    __rt_exit_exit                           0x080001d7   Thumb Code     0  rtexit2.o(.ARM.Collect$$rtexit$$00000004)
    main                                     0x080001dd   Thumb Code   130  main.o(.text)
    EXTI1_IRQHandler                         0x0800025f   Thumb Code   204  main.o(.text)
    EXTI0_IRQHandler                         0x0800032b   Thumb Code   254  main.o(.text)
    NMI_Handler                              0x080004f1   Thumb Code     2  stm32f10x_it.o(.text)
    HardFault_Handler                        0x080004f3   Thumb Code     4  stm32f10x_it.o(.text)
    MemManage_Handler                        0x080004f7   Thumb Code     4  stm32f10x_it.o(.text)
    BusFault_Handler                         0x080004fb   Thumb Code     4  stm32f10x_it.o(.text)
    UsageFault_Handler                       0x080004ff   Thumb Code     4  stm32f10x_it.o(.text)
    SVC_Handler                              0x08000503   Thumb Code     2  stm32f10x_it.o(.text)
    DebugMon_Handler                         0x08000505   Thumb Code     2  stm32f10x_it.o(.text)
    PendSV_Handler                           0x08000507   Thumb Code     2  stm32f10x_it.o(.text)
    SysTick_Handler                          0x08000509   Thumb Code     2  stm32f10x_it.o(.text)
    SystemInit                               0x080005eb   Thumb Code    78  system_stm32f10x.o(.text)
    SystemCoreClockUpdate                    0x08000639   Thumb Code   142  system_stm32f10x.o(.text)
    LED_Init                                 0x080006ed   Thumb Code    50  led.o(.text)
    KEY_Init                                 0x08000725   Thumb Code   150  key.o(.text)
    SPI_RC522_SendByte                       0x080007c1   Thumb Code    88  rc522.o(.text)
    WriteRawRC                               0x08000819   Thumb Code    46  rc522.o(.text)
    SPI_RC522_ReadByte                       0x08000847   Thumb Code    78  rc522.o(.text)
    ReadRawRC                                0x08000895   Thumb Code    50  rc522.o(.text)
    SetBitMask                               0x080008c7   Thumb Code    26  rc522.o(.text)
    ClearBitMask                             0x080008e1   Thumb Code    26  rc522.o(.text)
    PcdComMF522                              0x080008fb   Thumb Code   306  rc522.o(.text)
    CalulateCRC                              0x08000a2d   Thumb Code   108  rc522.o(.text)
    PcdRead                                  0x08000a99   Thumb Code    84  rc522.o(.text)
    ShowMoney                                0x08000aed   Thumb Code   100  rc522.o(.text)
    PcdAuthState                             0x08000b51   Thumb Code   160  rc522.o(.text)
    PcdSelect                                0x08000bf1   Thumb Code   126  rc522.o(.text)
    ShowID                                   0x08000c6f   Thumb Code   212  rc522.o(.text)
    PcdAnticoll                              0x08000d43   Thumb Code   112  rc522.o(.text)
    PcdRequest                               0x08000db3   Thumb Code    84  rc522.o(.text)
    RC522_Handel                             0x08000e07   Thumb Code   432  rc522.o(.text)
    PcdAntennaOn                             0x08000fb7   Thumb Code    26  rc522.o(.text)
    M500PcdConfigISOType                     0x08000fd1   Thumb Code    84  rc522.o(.text)
    PcdReset                                 0x08001025   Thumb Code   602  rc522.o(.text)
    SPI1_Init                                0x0800127f   Thumb Code   152  rc522.o(.text)
    RC522_Init                               0x08001317   Thumb Code    38  rc522.o(.text)
    PcdAntennaOff                            0x0800133d   Thumb Code    12  rc522.o(.text)
    PcdWrite                                 0x08001349   Thumb Code   156  rc522.o(.text)
    PcdHalt                                  0x080013e5   Thumb Code    50  rc522.o(.text)
    IC_RW                                    0x08001417   Thumb Code   242  rc522.o(.text)
    IC_CMT                                   0x08001509   Thumb Code    72  rc522.o(.text)
    Showoperate                              0x08001551   Thumb Code    92  rc522.o(.text)
    WaitCardOff                              0x080015ad   Thumb Code    52  rc522.o(.text)
    PcdValue                                 0x080015e1   Thumb Code   354  rc522.o(.text)
    IIC_Start                                0x08001745   Thumb Code    44  oled.o(.text)
    IIC_Stop                                 0x08001771   Thumb Code    34  oled.o(.text)
    IIC_Wait_Ack                             0x08001793   Thumb Code    24  oled.o(.text)
    Write_IIC_Byte                           0x080017ab   Thumb Code    88  oled.o(.text)
    Write_IIC_Command                        0x08001803   Thumb Code    44  oled.o(.text)
    Write_IIC_Data                           0x0800182f   Thumb Code    44  oled.o(.text)
    OLED_WR_Byte                             0x0800185b   Thumb Code    24  oled.o(.text)
    fill_picture                             0x08001873   Thumb Code    64  oled.o(.text)
    Delay_50ms                               0x080018b3   Thumb Code    22  oled.o(.text)
    Delay_1ms                                0x080018c9   Thumb Code    26  oled.o(.text)
    OLED_Set_Pos                             0x080018e3   Thumb Code    40  oled.o(.text)
    OLED_Display_On                          0x0800190b   Thumb Code    28  oled.o(.text)
    OLED_Display_Off                         0x08001927   Thumb Code    28  oled.o(.text)
    OLED_Clear                               0x08001943   Thumb Code    62  oled.o(.text)
    OLED_On                                  0x08001981   Thumb Code    62  oled.o(.text)
    OLED_ShowChar                            0x080019bf   Thumb Code   154  oled.o(.text)
    oled_pow                                 0x08001a59   Thumb Code    22  oled.o(.text)
    OLED_ShowNum                             0x08001a6f   Thumb Code   136  oled.o(.text)
    OLED_ShowString                          0x08001af7   Thumb Code    70  oled.o(.text)
    OLED_ShowCHinese                         0x08001b3d   Thumb Code    98  oled.o(.text)
    OLED_DrawBMP                             0x08001b9f   Thumb Code   118  oled.o(.text)
    OLED_Init                                0x08001c15   Thumb Code   320  oled.o(.text)
    delay_init                               0x08001d65   Thumb Code    50  delay.o(.text)
    delay_us                                 0x08001d97   Thumb Code    72  delay.o(.text)
    delay_ms                                 0x08001ddf   Thumb Code    72  delay.o(.text)
    _sys_exit                                0x08001e39   Thumb Code     6  usart.o(.text)
    fputc                                    0x08001e3f   Thumb Code    24  usart.o(.text)
    uart_init                                0x08001e57   Thumb Code   152  usart.o(.text)
    USART1_IRQHandler                        0x08001eef   Thumb Code   122  usart.o(.text)
    Reset_Handler                            0x08001f79   Thumb Code     8  startup_stm32f10x_md.o(.text)
    ADC1_2_IRQHandler                        0x08001f93   Thumb Code     0  startup_stm32f10x_md.o(.text)
    CAN1_RX1_IRQHandler                      0x08001f93   Thumb Code     0  startup_stm32f10x_md.o(.text)
    CAN1_SCE_IRQHandler                      0x08001f93   Thumb Code     0  startup_stm32f10x_md.o(.text)
    DMA1_Channel1_IRQHandler                 0x08001f93   Thumb Code     0  startup_stm32f10x_md.o(.text)
    DMA1_Channel2_IRQHandler                 0x08001f93   Thumb Code     0  startup_stm32f10x_md.o(.text)
    DMA1_Channel3_IRQHandler                 0x08001f93   Thumb Code     0  startup_stm32f10x_md.o(.text)
    DMA1_Channel4_IRQHandler                 0x08001f93   Thumb Code     0  startup_stm32f10x_md.o(.text)
    DMA1_Channel5_IRQHandler                 0x08001f93   Thumb Code     0  startup_stm32f10x_md.o(.text)
    DMA1_Channel6_IRQHandler                 0x08001f93   Thumb Code     0  startup_stm32f10x_md.o(.text)
    DMA1_Channel7_IRQHandler                 0x08001f93   Thumb Code     0  startup_stm32f10x_md.o(.text)
    EXTI15_10_IRQHandler                     0x08001f93   Thumb Code     0  startup_stm32f10x_md.o(.text)
    EXTI2_IRQHandler                         0x08001f93   Thumb Code     0  startup_stm32f10x_md.o(.text)
    EXTI3_IRQHandler                         0x08001f93   Thumb Code     0  startup_stm32f10x_md.o(.text)
    EXTI4_IRQHandler                         0x08001f93   Thumb Code     0  startup_stm32f10x_md.o(.text)
    EXTI9_5_IRQHandler                       0x08001f93   Thumb Code     0  startup_stm32f10x_md.o(.text)
    FLASH_IRQHandler                         0x08001f93   Thumb Code     0  startup_stm32f10x_md.o(.text)
    I2C1_ER_IRQHandler                       0x08001f93   Thumb Code     0  startup_stm32f10x_md.o(.text)
    I2C1_EV_IRQHandler                       0x08001f93   Thumb Code     0  startup_stm32f10x_md.o(.text)
    I2C2_ER_IRQHandler                       0x08001f93   Thumb Code     0  startup_stm32f10x_md.o(.text)
    I2C2_EV_IRQHandler                       0x08001f93   Thumb Code     0  startup_stm32f10x_md.o(.text)
    PVD_IRQHandler                           0x08001f93   Thumb Code     0  startup_stm32f10x_md.o(.text)
    RCC_IRQHandler                           0x08001f93   Thumb Code     0  startup_stm32f10x_md.o(.text)
    RTCAlarm_IRQHandler                      0x08001f93   Thumb Code     0  startup_stm32f10x_md.o(.text)
    RTC_IRQHandler                           0x08001f93   Thumb Code     0  startup_stm32f10x_md.o(.text)
    SPI1_IRQHandler                          0x08001f93   Thumb Code     0  startup_stm32f10x_md.o(.text)
    SPI2_IRQHandler                          0x08001f93   Thumb Code     0  startup_stm32f10x_md.o(.text)
    TAMPER_IRQHandler                        0x08001f93   Thumb Code     0  startup_stm32f10x_md.o(.text)
    TIM1_BRK_IRQHandler                      0x08001f93   Thumb Code     0  startup_stm32f10x_md.o(.text)
    TIM1_CC_IRQHandler                       0x08001f93   Thumb Code     0  startup_stm32f10x_md.o(.text)
    TIM1_TRG_COM_IRQHandler                  0x08001f93   Thumb Code     0  startup_stm32f10x_md.o(.text)
    TIM1_UP_IRQHandler                       0x08001f93   Thumb Code     0  startup_stm32f10x_md.o(.text)
    TIM2_IRQHandler                          0x08001f93   Thumb Code     0  startup_stm32f10x_md.o(.text)
    TIM3_IRQHandler                          0x08001f93   Thumb Code     0  startup_stm32f10x_md.o(.text)
    TIM4_IRQHandler                          0x08001f93   Thumb Code     0  startup_stm32f10x_md.o(.text)
    USART2_IRQHandler                        0x08001f93   Thumb Code     0  startup_stm32f10x_md.o(.text)
    USART3_IRQHandler                        0x08001f93   Thumb Code     0  startup_stm32f10x_md.o(.text)
    USBWakeUp_IRQHandler                     0x08001f93   Thumb Code     0  startup_stm32f10x_md.o(.text)
    USB_HP_CAN1_TX_IRQHandler                0x08001f93   Thumb Code     0  startup_stm32f10x_md.o(.text)
    USB_LP_CAN1_RX0_IRQHandler               0x08001f93   Thumb Code     0  startup_stm32f10x_md.o(.text)
    WWDG_IRQHandler                          0x08001f93   Thumb Code     0  startup_stm32f10x_md.o(.text)
    __user_initial_stackheap                 0x08001f95   Thumb Code     0  startup_stm32f10x_md.o(.text)
    NVIC_PriorityGroupConfig                 0x08001fb9   Thumb Code    10  misc.o(.text)
    NVIC_Init                                0x08001fc3   Thumb Code   100  misc.o(.text)
    NVIC_SetVectorTable                      0x08002027   Thumb Code    14  misc.o(.text)
    NVIC_SystemLPConfig                      0x08002035   Thumb Code    34  misc.o(.text)
    SysTick_CLKSourceConfig                  0x08002057   Thumb Code    40  misc.o(.text)
    GPIO_DeInit                              0x08002095   Thumb Code   172  stm32f10x_gpio.o(.text)
    GPIO_AFIODeInit                          0x08002141   Thumb Code    20  stm32f10x_gpio.o(.text)
    GPIO_Init                                0x08002155   Thumb Code   278  stm32f10x_gpio.o(.text)
    GPIO_StructInit                          0x0800226b   Thumb Code    16  stm32f10x_gpio.o(.text)
    GPIO_ReadInputDataBit                    0x0800227b   Thumb Code    18  stm32f10x_gpio.o(.text)
    GPIO_ReadInputData                       0x0800228d   Thumb Code     8  stm32f10x_gpio.o(.text)
    GPIO_ReadOutputDataBit                   0x08002295   Thumb Code    18  stm32f10x_gpio.o(.text)
    GPIO_ReadOutputData                      0x080022a7   Thumb Code     8  stm32f10x_gpio.o(.text)
    GPIO_SetBits                             0x080022af   Thumb Code     4  stm32f10x_gpio.o(.text)
    GPIO_ResetBits                           0x080022b3   Thumb Code     4  stm32f10x_gpio.o(.text)
    GPIO_WriteBit                            0x080022b7   Thumb Code    10  stm32f10x_gpio.o(.text)
    GPIO_Write                               0x080022c1   Thumb Code     4  stm32f10x_gpio.o(.text)
    GPIO_PinLockConfig                       0x080022c5   Thumb Code    18  stm32f10x_gpio.o(.text)
    GPIO_EventOutputConfig                   0x080022d7   Thumb Code    26  stm32f10x_gpio.o(.text)
    GPIO_EventOutputCmd                      0x080022f1   Thumb Code     6  stm32f10x_gpio.o(.text)
    GPIO_PinRemapConfig                      0x080022f7   Thumb Code   138  stm32f10x_gpio.o(.text)
    GPIO_EXTILineConfig                      0x08002381   Thumb Code    66  stm32f10x_gpio.o(.text)
    GPIO_ETH_MediaInterfaceConfig            0x080023c3   Thumb Code     8  stm32f10x_gpio.o(.text)
    RCC_DeInit                               0x080023f1   Thumb Code    64  stm32f10x_rcc.o(.text)
    RCC_HSEConfig                            0x08002431   Thumb Code    70  stm32f10x_rcc.o(.text)
    RCC_GetFlagStatus                        0x08002477   Thumb Code    56  stm32f10x_rcc.o(.text)
    RCC_WaitForHSEStartUp                    0x080024af   Thumb Code    56  stm32f10x_rcc.o(.text)
    RCC_AdjustHSICalibrationValue            0x080024e7   Thumb Code    20  stm32f10x_rcc.o(.text)
    RCC_HSICmd                               0x080024fb   Thumb Code     6  stm32f10x_rcc.o(.text)
    RCC_PLLConfig                            0x08002501   Thumb Code    24  stm32f10x_rcc.o(.text)
    RCC_PLLCmd                               0x08002519   Thumb Code     6  stm32f10x_rcc.o(.text)
    RCC_SYSCLKConfig                         0x0800251f   Thumb Code    18  stm32f10x_rcc.o(.text)
    RCC_GetSYSCLKSource                      0x08002531   Thumb Code    10  stm32f10x_rcc.o(.text)
    RCC_HCLKConfig                           0x0800253b   Thumb Code    18  stm32f10x_rcc.o(.text)
    RCC_PCLK1Config                          0x0800254d   Thumb Code    18  stm32f10x_rcc.o(.text)
    RCC_PCLK2Config                          0x0800255f   Thumb Code    20  stm32f10x_rcc.o(.text)
    RCC_ITConfig                             0x08002573   Thumb Code    26  stm32f10x_rcc.o(.text)
    RCC_USBCLKConfig                         0x0800258d   Thumb Code     8  stm32f10x_rcc.o(.text)
    RCC_ADCCLKConfig                         0x08002595   Thumb Code    18  stm32f10x_rcc.o(.text)
    RCC_LSEConfig                            0x080025a7   Thumb Code    50  stm32f10x_rcc.o(.text)
    RCC_LSICmd                               0x080025d9   Thumb Code     6  stm32f10x_rcc.o(.text)
    RCC_RTCCLKConfig                         0x080025df   Thumb Code    12  stm32f10x_rcc.o(.text)
    RCC_RTCCLKCmd                            0x080025eb   Thumb Code     8  stm32f10x_rcc.o(.text)
    RCC_GetClocksFreq                        0x080025f3   Thumb Code   192  stm32f10x_rcc.o(.text)
    RCC_AHBPeriphClockCmd                    0x080026b3   Thumb Code    26  stm32f10x_rcc.o(.text)
    RCC_APB2PeriphClockCmd                   0x080026cd   Thumb Code    26  stm32f10x_rcc.o(.text)
    RCC_APB1PeriphClockCmd                   0x080026e7   Thumb Code    26  stm32f10x_rcc.o(.text)
    RCC_APB2PeriphResetCmd                   0x08002701   Thumb Code    26  stm32f10x_rcc.o(.text)
    RCC_APB1PeriphResetCmd                   0x0800271b   Thumb Code    26  stm32f10x_rcc.o(.text)
    RCC_BackupResetCmd                       0x08002735   Thumb Code     8  stm32f10x_rcc.o(.text)
    RCC_ClockSecuritySystemCmd               0x0800273d   Thumb Code     6  stm32f10x_rcc.o(.text)
    RCC_MCOConfig                            0x08002743   Thumb Code     6  stm32f10x_rcc.o(.text)
    RCC_ClearFlag                            0x08002749   Thumb Code    14  stm32f10x_rcc.o(.text)
    RCC_GetITStatus                          0x08002757   Thumb Code    20  stm32f10x_rcc.o(.text)
    RCC_ClearITPendingBit                    0x0800276b   Thumb Code     6  stm32f10x_rcc.o(.text)
    USART_DeInit                             0x08002795   Thumb Code   134  stm32f10x_usart.o(.text)
    USART_Init                               0x0800281b   Thumb Code   210  stm32f10x_usart.o(.text)
    USART_StructInit                         0x080028ed   Thumb Code    24  stm32f10x_usart.o(.text)
    USART_ClockInit                          0x08002905   Thumb Code    34  stm32f10x_usart.o(.text)
    USART_ClockStructInit                    0x08002927   Thumb Code    12  stm32f10x_usart.o(.text)
    USART_Cmd                                0x08002933   Thumb Code    24  stm32f10x_usart.o(.text)
    USART_ITConfig                           0x0800294b   Thumb Code    74  stm32f10x_usart.o(.text)
    USART_DMACmd                             0x08002995   Thumb Code    18  stm32f10x_usart.o(.text)
    USART_SetAddress                         0x080029a7   Thumb Code    18  stm32f10x_usart.o(.text)
    USART_WakeUpConfig                       0x080029b9   Thumb Code    18  stm32f10x_usart.o(.text)
    USART_ReceiverWakeUpCmd                  0x080029cb   Thumb Code    24  stm32f10x_usart.o(.text)
    USART_LINBreakDetectLengthConfig         0x080029e3   Thumb Code    18  stm32f10x_usart.o(.text)
    USART_LINCmd                             0x080029f5   Thumb Code    24  stm32f10x_usart.o(.text)
    USART_SendData                           0x08002a0d   Thumb Code     8  stm32f10x_usart.o(.text)
    USART_ReceiveData                        0x08002a15   Thumb Code    10  stm32f10x_usart.o(.text)
    USART_SendBreak                          0x08002a1f   Thumb Code    10  stm32f10x_usart.o(.text)
    USART_SetGuardTime                       0x08002a29   Thumb Code    16  stm32f10x_usart.o(.text)
    USART_SetPrescaler                       0x08002a39   Thumb Code    16  stm32f10x_usart.o(.text)
    USART_SmartCardCmd                       0x08002a49   Thumb Code    24  stm32f10x_usart.o(.text)
    USART_SmartCardNACKCmd                   0x08002a61   Thumb Code    24  stm32f10x_usart.o(.text)
    USART_HalfDuplexCmd                      0x08002a79   Thumb Code    24  stm32f10x_usart.o(.text)
    USART_OverSampling8Cmd                   0x08002a91   Thumb Code    22  stm32f10x_usart.o(.text)
    USART_OneBitMethodCmd                    0x08002aa7   Thumb Code    24  stm32f10x_usart.o(.text)
    USART_IrDAConfig                         0x08002abf   Thumb Code    18  stm32f10x_usart.o(.text)
    USART_IrDACmd                            0x08002ad1   Thumb Code    24  stm32f10x_usart.o(.text)
    USART_GetFlagStatus                      0x08002ae9   Thumb Code    26  stm32f10x_usart.o(.text)
    USART_ClearFlag                          0x08002b03   Thumb Code    18  stm32f10x_usart.o(.text)
    USART_GetITStatus                        0x08002b15   Thumb Code    84  stm32f10x_usart.o(.text)
    USART_ClearITPendingBit                  0x08002b69   Thumb Code    52  stm32f10x_usart.o(.text)
    EXTI_DeInit                              0x08002b9d   Thumb Code    28  stm32f10x_exti.o(.text)
    EXTI_Init                                0x08002bb9   Thumb Code   142  stm32f10x_exti.o(.text)
    EXTI_StructInit                          0x08002c47   Thumb Code    16  stm32f10x_exti.o(.text)
    EXTI_GenerateSWInterrupt                 0x08002c57   Thumb Code    16  stm32f10x_exti.o(.text)
    EXTI_GetFlagStatus                       0x08002c67   Thumb Code    22  stm32f10x_exti.o(.text)
    EXTI_ClearFlag                           0x08002c7d   Thumb Code     8  stm32f10x_exti.o(.text)
    EXTI_GetITStatus                         0x08002c85   Thumb Code    34  stm32f10x_exti.o(.text)
    EXTI_ClearITPendingBit                   0x08002ca7   Thumb Code     8  stm32f10x_exti.o(.text)
    __use_no_semihosting                     0x08002cb9   Thumb Code     2  use_no_semi_2.o(.text)
    __2printf                                0x08002cbd   Thumb Code    20  noretval__2printf.o(.text)
    __2sprintf                               0x08002cd5   Thumb Code    34  noretval__2sprintf.o(.text)
    _printf_pre_padding                      0x08002cfd   Thumb Code    44  _printf_pad.o(.text)
    _printf_post_padding                     0x08002d29   Thumb Code    34  _printf_pad.o(.text)
    _printf_str                              0x08002d4b   Thumb Code    82  _printf_str.o(.text)
    _printf_int_dec                          0x08002d9d   Thumb Code   104  _printf_dec.o(.text)
    _printf_int_hex                          0x08002e15   Thumb Code    84  _printf_hex_int.o(.text)
    _printf_longlong_hex                     0x08002e15   Thumb Code     0  _printf_hex_int.o(.text)
    __printf                                 0x08002e6d   Thumb Code   308  __printf_flags_wp.o(.text)
    __aeabi_memcpy                           0x08002fa5   Thumb Code     0  rt_memcpy_v6.o(.text)
    __rt_memcpy                              0x08002fa5   Thumb Code   138  rt_memcpy_v6.o(.text)
    _memcpy_lastbytes                        0x0800300b   Thumb Code     0  rt_memcpy_v6.o(.text)
    __use_two_region_memory                  0x0800302f   Thumb Code     2  heapauxi.o(.text)
    __rt_heap_escrow$2region                 0x08003031   Thumb Code     2  heapauxi.o(.text)
    __rt_heap_expand$2region                 0x08003033   Thumb Code     2  heapauxi.o(.text)
    __I$use$semihosting                      0x08003035   Thumb Code     0  use_no_semi.o(.text)
    __use_no_semihosting_swi                 0x08003035   Thumb Code     2  use_no_semi.o(.text)
    _printf_int_common                       0x08003037   Thumb Code   178  _printf_intcommon.o(.text)
    _printf_char_common                      0x080030f3   Thumb Code    32  _printf_char_common.o(.text)
    _sputc                                   0x08003119   Thumb Code    10  _sputc.o(.text)
    _printf_cs_common                        0x08003123   Thumb Code    20  _printf_char.o(.text)
    _printf_char                             0x08003137   Thumb Code    16  _printf_char.o(.text)
    _printf_string                           0x08003147   Thumb Code     8  _printf_char.o(.text)
    _printf_char_file                        0x08003151   Thumb Code    32  _printf_char_file.o(.text)
    __aeabi_memcpy4                          0x08003175   Thumb Code     0  rt_memcpy_w.o(.text)
    __aeabi_memcpy8                          0x08003175   Thumb Code     0  rt_memcpy_w.o(.text)
    __rt_memcpy_w                            0x08003175   Thumb Code   100  rt_memcpy_w.o(.text)
    _memcpy_lastbytes_aligned                0x080031bd   Thumb Code     0  rt_memcpy_w.o(.text)
    ferror                                   0x080031d9   Thumb Code     8  ferror.o(.text)
    __user_setup_stackheap                   0x080031e1   Thumb Code    74  sys_stackheap_outer.o(.text)
    exit                                     0x0800322b   Thumb Code    12  exit.o(.text)
    __user_libspace                          0x08003239   Thumb Code     8  libspace.o(.text)
    __user_perproc_libspace                  0x08003239   Thumb Code     0  libspace.o(.text)
    __user_perthread_libspace                0x08003239   Thumb Code     0  libspace.o(.text)
    _is_digit                                0x08003241   Thumb Code    14  __printf_wp.o(i._is_digit)
    F6x8                                     0x0800324e   Data         552  oled.o(.constdata)
    F8X16                                    0x08003476   Data        1520  oled.o(.constdata)
    Region$$Table$$Base                      0x08003aa0   Number         0  anon$$obj.o(Region$$Table)
    Region$$Table$$Limit                     0x08003ac0   Number         0  anon$$obj.o(Region$$Table)
    KA                                       0x20000000   Data           6  main.o(.data)
    UID                                      0x20000006   Data           4  main.o(.data)
    sub_Money                                0x2000000a   Data           4  main.o(.data)
    Add_Money                                0x2000000e   Data           4  main.o(.data)
    p                                        0x20000014   Data           4  main.o(.data)
    SystemCoreClock                          0x20000018   Data           4  system_stm32f10x.o(.data)
    AHBPrescTable                            0x2000001c   Data          16  system_stm32f10x.o(.data)
    CT                                       0x2000002c   Data           2  rc522.o(.data)
    SN                                       0x2000002e   Data           4  rc522.o(.data)
    card0_bit                                0x20000032   Data           1  rc522.o(.data)
    card1_bit                                0x20000033   Data           1  rc522.o(.data)
    card2_bit                                0x20000034   Data           1  rc522.o(.data)
    card3_bit                                0x20000035   Data           1  rc522.o(.data)
    card4_bit                                0x20000036   Data           1  rc522.o(.data)
    total                                    0x20000037   Data           1  rc522.o(.data)
    card_0                                   0x20000038   Data           4  rc522.o(.data)
    KEY_A                                    0x2000003c   Data           6  rc522.o(.data)
    KEY_B                                    0x20000042   Data           6  rc522.o(.data)
    DATA1                                    0x20000048   Data          16  rc522.o(.data)
    DATA2                                    0x20000058   Data          16  rc522.o(.data)
    status                                   0x20000068   Data           1  rc522.o(.data)
    adr2_0                                   0x20000069   Data           1  rc522.o(.data)
    adr1_0                                   0x2000006a   Data           1  rc522.o(.data)
    adr1_3                                   0x2000006b   Data           1  rc522.o(.data)
    adr2_3                                   0x2000006c   Data           1  rc522.o(.data)
    adr3_0                                   0x2000006d   Data           1  rc522.o(.data)
    adr3_3                                   0x2000006e   Data           1  rc522.o(.data)
    adr4_3                                   0x2000006f   Data           1  rc522.o(.data)
    adr5_3                                   0x20000070   Data           1  rc522.o(.data)
    Hzk                                      0x20000071   Data        1280  oled.o(.data)
    z_x                                      0x20000571   Data           1  oled.o(.data)
    z_y                                      0x20000572   Data           1  oled.o(.data)
    __stdout                                 0x20000578   Data           4  usart.o(.data)
    USART_RX_STA                             0x2000057c   Data           2  usart.o(.data)
    data                                     0x20000594   Data          16  main.o(.bss)
    date                                     0x200005a4   Data          16  rc522.o(.bss)
    date1_0                                  0x200005b4   Data          16  rc522.o(.bss)
    date1_3                                  0x200005c4   Data          16  rc522.o(.bss)
    date2_3                                  0x200005d4   Data          16  rc522.o(.bss)
    date2_0                                  0x200005e4   Data          16  rc522.o(.bss)
    date3_0                                  0x200005f4   Data          16  rc522.o(.bss)
    date3_3                                  0x20000604   Data          16  rc522.o(.bss)
    date4_3                                  0x20000614   Data          16  rc522.o(.bss)
    DATA0                                    0x20000624   Data          16  rc522.o(.bss)
    ss                                       0x20000634   Data         255  rc522.o(.bss)
    mn                                       0x20000733   Data         255  rc522.o(.bss)
    money                                    0x20000832   Data         255  rc522.o(.bss)
    USART_RX_BUF                             0x20000931   Data         200  usart.o(.bss)
    __libspace_start                         0x200009fc   Data          96  libspace.o(.bss)
    __temporary_stack_top$libspace           0x20000a5c   Data           0  libspace.o(.bss)



==============================================================================

Memory Map of the image

  Image Entry point : 0x080000ed

  Load Region LR_IROM1 (Base: 0x08000000, Size: 0x00004054, Max: 0x00010000, ABSOLUTE, COMPRESSED[0x00003d48])

    Execution Region ER_IROM1 (Base: 0x08000000, Size: 0x00003ac0, Max: 0x00010000, ABSOLUTE)

    Base Addr    Size         Type   Attr      Idx    E Section Name        Object

    0x08000000   0x000000ec   Data   RO          344    RESET               startup_stm32f10x_md.o
    0x080000ec   0x00000008   Code   RO          492  * !!!main             c_w.l(__main.o)
    0x080000f4   0x00000034   Code   RO          667    !!!scatter          c_w.l(__scatter.o)
    0x08000128   0x0000005a   Code   RO          665    !!dczerorl2         c_w.l(__dczerorl2.o)
    0x08000182   0x00000002   PAD
    0x08000184   0x0000001c   Code   RO          669    !!handler_zi        c_w.l(__scatter_zi.o)
    0x080001a0   0x00000000   Code   RO          487    .ARM.Collect$$_printf_percent$$00000000  c_w.l(_printf_percent.o)
    0x080001a0   0x00000006   Code   RO          486    .ARM.Collect$$_printf_percent$$00000009  c_w.l(_printf_d.o)
    0x080001a6   0x00000006   Code   RO          485    .ARM.Collect$$_printf_percent$$0000000C  c_w.l(_printf_x.o)
    0x080001ac   0x00000006   Code   RO          484    .ARM.Collect$$_printf_percent$$00000014  c_w.l(_printf_s.o)
    0x080001b2   0x00000004   Code   RO          507    .ARM.Collect$$_printf_percent$$00000017  c_w.l(_printf_percent_end.o)
    0x080001b6   0x00000002   Code   RO          540    .ARM.Collect$$libinit$$00000000  c_w.l(libinit.o)
    0x080001b8   0x00000000   Code   RO          547    .ARM.Collect$$libinit$$00000002  c_w.l(libinit2.o)
    0x080001b8   0x00000000   Code   RO          549    .ARM.Collect$$libinit$$00000004  c_w.l(libinit2.o)
    0x080001b8   0x00000000   Code   RO          552    .ARM.Collect$$libinit$$0000000A  c_w.l(libinit2.o)
    0x080001b8   0x00000000   Code   RO          554    .ARM.Collect$$libinit$$0000000C  c_w.l(libinit2.o)
    0x080001b8   0x00000000   Code   RO          556    .ARM.Collect$$libinit$$0000000E  c_w.l(libinit2.o)
    0x080001b8   0x00000000   Code   RO          559    .ARM.Collect$$libinit$$00000011  c_w.l(libinit2.o)
    0x080001b8   0x00000000   Code   RO          561    .ARM.Collect$$libinit$$00000013  c_w.l(libinit2.o)
    0x080001b8   0x00000000   Code   RO          563    .ARM.Collect$$libinit$$00000015  c_w.l(libinit2.o)
    0x080001b8   0x00000000   Code   RO          565    .ARM.Collect$$libinit$$00000017  c_w.l(libinit2.o)
    0x080001b8   0x00000000   Code   RO          567    .ARM.Collect$$libinit$$00000019  c_w.l(libinit2.o)
    0x080001b8   0x00000000   Code   RO          569    .ARM.Collect$$libinit$$0000001B  c_w.l(libinit2.o)
    0x080001b8   0x00000000   Code   RO          571    .ARM.Collect$$libinit$$0000001D  c_w.l(libinit2.o)
    0x080001b8   0x00000000   Code   RO          573    .ARM.Collect$$libinit$$0000001F  c_w.l(libinit2.o)
    0x080001b8   0x00000000   Code   RO          575    .ARM.Collect$$libinit$$00000021  c_w.l(libinit2.o)
    0x080001b8   0x00000000   Code   RO          577    .ARM.Collect$$libinit$$00000023  c_w.l(libinit2.o)
    0x080001b8   0x00000000   Code   RO          579    .ARM.Collect$$libinit$$00000025  c_w.l(libinit2.o)
    0x080001b8   0x00000000   Code   RO          583    .ARM.Collect$$libinit$$0000002C  c_w.l(libinit2.o)
    0x080001b8   0x00000000   Code   RO          585    .ARM.Collect$$libinit$$0000002E  c_w.l(libinit2.o)
    0x080001b8   0x00000000   Code   RO          587    .ARM.Collect$$libinit$$00000030  c_w.l(libinit2.o)
    0x080001b8   0x00000000   Code   RO          589    .ARM.Collect$$libinit$$00000032  c_w.l(libinit2.o)
    0x080001b8   0x00000002   Code   RO          590    .ARM.Collect$$libinit$$00000033  c_w.l(libinit2.o)
    0x080001ba   0x00000002   Code   RO          608    .ARM.Collect$$libshutdown$$00000000  c_w.l(libshutdown.o)
    0x080001bc   0x00000000   Code   RO          619    .ARM.Collect$$libshutdown$$00000003  c_w.l(libshutdown2.o)
    0x080001bc   0x00000000   Code   RO          622    .ARM.Collect$$libshutdown$$00000006  c_w.l(libshutdown2.o)
    0x080001bc   0x00000000   Code   RO          625    .ARM.Collect$$libshutdown$$00000009  c_w.l(libshutdown2.o)
    0x080001bc   0x00000000   Code   RO          627    .ARM.Collect$$libshutdown$$0000000B  c_w.l(libshutdown2.o)
    0x080001bc   0x00000000   Code   RO          630    .ARM.Collect$$libshutdown$$0000000E  c_w.l(libshutdown2.o)
    0x080001bc   0x00000002   Code   RO          631    .ARM.Collect$$libshutdown$$0000000F  c_w.l(libshutdown2.o)
    0x080001be   0x00000000   Code   RO          496    .ARM.Collect$$rtentry$$00000000  c_w.l(__rtentry.o)
    0x080001be   0x00000000   Code   RO          511    .ARM.Collect$$rtentry$$00000002  c_w.l(__rtentry2.o)
    0x080001be   0x00000006   Code   RO          523    .ARM.Collect$$rtentry$$00000004  c_w.l(__rtentry4.o)
    0x080001c4   0x00000000   Code   RO          513    .ARM.Collect$$rtentry$$00000009  c_w.l(__rtentry2.o)
    0x080001c4   0x00000004   Code   RO          514    .ARM.Collect$$rtentry$$0000000A  c_w.l(__rtentry2.o)
    0x080001c8   0x00000000   Code   RO          516    .ARM.Collect$$rtentry$$0000000C  c_w.l(__rtentry2.o)
    0x080001c8   0x00000008   Code   RO          517    .ARM.Collect$$rtentry$$0000000D  c_w.l(__rtentry2.o)
    0x080001d0   0x00000002   Code   RO          544    .ARM.Collect$$rtexit$$00000000  c_w.l(rtexit.o)
    0x080001d2   0x00000000   Code   RO          592    .ARM.Collect$$rtexit$$00000002  c_w.l(rtexit2.o)
    0x080001d2   0x00000004   Code   RO          593    .ARM.Collect$$rtexit$$00000003  c_w.l(rtexit2.o)
    0x080001d6   0x00000006   Code   RO          594    .ARM.Collect$$rtexit$$00000004  c_w.l(rtexit2.o)
    0x080001dc   0x00000314   Code   RO            1    .text               main.o
    0x080004f0   0x0000001a   Code   RO          142    .text               stm32f10x_it.o
    0x0800050a   0x00000002   PAD
    0x0800050c   0x000001e0   Code   RO          183    .text               system_stm32f10x.o
    0x080006ec   0x00000038   Code   RO          201    .text               led.o
    0x08000724   0x0000009c   Code   RO          213    .text               key.o
    0x080007c0   0x00000f82   Code   RO          237    .text               rc522.o
    0x08001742   0x00000002   PAD
    0x08001744   0x00000620   Code   RO          256    .text               oled.o
    0x08001d64   0x000000d4   Code   RO          278    .text               delay.o
    0x08001e38   0x00000140   Code   RO          309    .text               usart.o
    0x08001f78   0x00000040   Code   RO          345    .text               startup_stm32f10x_md.o
    0x08001fb8   0x000000dc   Code   RO          349    .text               misc.o
    0x08002094   0x0000035c   Code   RO          361    .text               stm32f10x_gpio.o
    0x080023f0   0x000003a4   Code   RO          373    .text               stm32f10x_rcc.o
    0x08002794   0x00000408   Code   RO          387    .text               stm32f10x_usart.o
    0x08002b9c   0x0000011c   Code   RO          411    .text               stm32f10x_exti.o
    0x08002cb8   0x00000002   Code   RO          425    .text               c_w.l(use_no_semi_2.o)
    0x08002cba   0x00000002   PAD
    0x08002cbc   0x00000018   Code   RO          431    .text               c_w.l(noretval__2printf.o)
    0x08002cd4   0x00000028   Code   RO          433    .text               c_w.l(noretval__2sprintf.o)
    0x08002cfc   0x0000004e   Code   RO          437    .text               c_w.l(_printf_pad.o)
    0x08002d4a   0x00000052   Code   RO          439    .text               c_w.l(_printf_str.o)
    0x08002d9c   0x00000078   Code   RO          441    .text               c_w.l(_printf_dec.o)
    0x08002e14   0x00000058   Code   RO          446    .text               c_w.l(_printf_hex_int.o)
    0x08002e6c   0x00000138   Code   RO          476    .text               c_w.l(__printf_flags_wp.o)
    0x08002fa4   0x0000008a   Code   RO          488    .text               c_w.l(rt_memcpy_v6.o)
    0x0800302e   0x00000006   Code   RO          490    .text               c_w.l(heapauxi.o)
    0x08003034   0x00000002   Code   RO          494    .text               c_w.l(use_no_semi.o)
    0x08003036   0x000000b2   Code   RO          497    .text               c_w.l(_printf_intcommon.o)
    0x080030e8   0x00000030   Code   RO          499    .text               c_w.l(_printf_char_common.o)
    0x08003118   0x0000000a   Code   RO          501    .text               c_w.l(_sputc.o)
    0x08003122   0x0000002c   Code   RO          503    .text               c_w.l(_printf_char.o)
    0x0800314e   0x00000002   PAD
    0x08003150   0x00000024   Code   RO          505    .text               c_w.l(_printf_char_file.o)
    0x08003174   0x00000064   Code   RO          508    .text               c_w.l(rt_memcpy_w.o)
    0x080031d8   0x00000008   Code   RO          527    .text               c_w.l(ferror.o)
    0x080031e0   0x0000004a   Code   RO          531    .text               c_w.l(sys_stackheap_outer.o)
    0x0800322a   0x0000000c   Code   RO          533    .text               c_w.l(exit.o)
    0x08003236   0x00000002   PAD
    0x08003238   0x00000008   Code   RO          541    .text               c_w.l(libspace.o)
    0x08003240   0x0000000e   Code   RO          474    i._is_digit         c_w.l(__printf_wp.o)
    0x0800324e   0x00000818   Data   RO          257    .constdata          oled.o
    0x08003a66   0x00000028   Data   RO          447    .constdata          c_w.l(_printf_hex_int.o)
    0x08003a8e   0x00000011   Data   RO          477    .constdata          c_w.l(__printf_flags_wp.o)
    0x08003a9f   0x00000001   PAD
    0x08003aa0   0x00000020   Data   RO          663    Region$$Table       anon$$obj.o


    Execution Region RW_IRAM1 (Base: 0x20000000, Size: 0x00001060, Max: 0x00005000, ABSOLUTE, COMPRESSED[0x00000288])

    Base Addr    Size         Type   Attr      Idx    E Section Name        Object

    0x20000000   0x00000018   Data   RW            3    .data               main.o
    0x20000018   0x00000014   Data   RW          184    .data               system_stm32f10x.o
    0x2000002c   0x00000045   Data   RW          239    .data               rc522.o
    0x20000071   0x00000502   Data   RW          258    .data               oled.o
    0x20000573   0x00000001   PAD
    0x20000574   0x00000004   Data   RW          279    .data               delay.o
    0x20000578   0x00000006   Data   RW          311    .data               usart.o
    0x2000057e   0x00000014   Data   RW          374    .data               stm32f10x_rcc.o
    0x20000592   0x00000002   PAD
    0x20000594   0x00000010   Zero   RW            2    .bss                main.o
    0x200005a4   0x0000038d   Zero   RW          238    .bss                rc522.o
    0x20000931   0x000000c8   Zero   RW          310    .bss                usart.o
    0x200009f9   0x00000003   PAD
    0x200009fc   0x00000060   Zero   RW          542    .bss                c_w.l(libspace.o)
    0x20000a5c   0x00000004   PAD
    0x20000a60   0x00000200   Zero   RW          343    HEAP                startup_stm32f10x_md.o
    0x20000c60   0x00000400   Zero   RW          342    STACK               startup_stm32f10x_md.o


==============================================================================

Image component sizes


      Code (inc. data)   RO Data    RW Data    ZI Data      Debug   Object Name

       212         18          0          4          0       1067   delay.o
       156          6          0          0          0        651   key.o
        56          6          0          0          0        507   led.o
       788        200          0         24         16     235541   main.o
       220         22          0          0          0       1845   misc.o
      1568         28       2072       1282          0       6671   oled.o
      3970        664          0         69        909      11195   rc522.o
        64         26        236          0       1536        808   startup_stm32f10x_md.o
       284         10          0          0          0       2279   stm32f10x_exti.o
       860         38          0          0          0       5689   stm32f10x_gpio.o
        26          0          0          0          0       1202   stm32f10x_it.o
       932         36          0         20          0       8884   stm32f10x_rcc.o
      1032         22          0          0          0       8416   stm32f10x_usart.o
         0          0          0          0          0         32   sys.o
       480         38          0         20          0       1803   system_stm32f10x.o
       320         16          0          6        200       3214   usart.o

    ----------------------------------------------------------------------
     10972       1130       2340       1428       2664     289804   Object Totals
         0          0         32          0          0          0   (incl. Generated)
         4          0          0          3          3          0   (incl. Padding)

    ----------------------------------------------------------------------

      Code (inc. data)   RO Data    RW Data    ZI Data      Debug   Library Member Name

        90          0          0          0          0          0   __dczerorl2.o
         8          0          0          0          0         68   __main.o
       312          4         17          0          0         92   __printf_flags_wp.o
        14          0          0          0          0         68   __printf_wp.o
         0          0          0          0          0          0   __rtentry.o
        12          0          0          0          0          0   __rtentry2.o
         6          0          0          0          0          0   __rtentry4.o
        52          8          0          0          0          0   __scatter.o
        28          0          0          0          0          0   __scatter_zi.o
        44          0          0          0          0        108   _printf_char.o
        48          6          0          0          0         96   _printf_char_common.o
        36          4          0          0          0         80   _printf_char_file.o
         6          0          0          0          0          0   _printf_d.o
       120         16          0          0          0         92   _printf_dec.o
        88          4         40          0          0         88   _printf_hex_int.o
       178          0          0          0          0         88   _printf_intcommon.o
        78          0          0          0          0        108   _printf_pad.o
         0          0          0          0          0          0   _printf_percent.o
         4          0          0          0          0          0   _printf_percent_end.o
         6          0          0          0          0          0   _printf_s.o
        82          0          0          0          0         80   _printf_str.o
         6          0          0          0          0          0   _printf_x.o
        10          0          0          0          0         68   _sputc.o
        12          0          0          0          0         72   exit.o
         8          0          0          0          0         68   ferror.o
         6          0          0          0          0        152   heapauxi.o
         2          0          0          0          0          0   libinit.o
         2          0          0          0          0          0   libinit2.o
         2          0          0          0          0          0   libshutdown.o
         2          0          0          0          0          0   libshutdown2.o
         8          4          0          0         96         68   libspace.o
        24          4          0          0          0         84   noretval__2printf.o
        40          6          0          0          0         84   noretval__2sprintf.o
       138          0          0          0          0         68   rt_memcpy_v6.o
       100          0          0          0          0         80   rt_memcpy_w.o
         2          0          0          0          0          0   rtexit.o
        10          0          0          0          0          0   rtexit2.o
        74          0          0          0          0         80   sys_stackheap_outer.o
         2          0          0          0          0         68   use_no_semi.o
         2          0          0          0          0         68   use_no_semi_2.o

    ----------------------------------------------------------------------
      1670         56         58          0        100       1928   Library Totals
         8          0          1          0          4          0   (incl. Padding)

    ----------------------------------------------------------------------

      Code (inc. data)   RO Data    RW Data    ZI Data      Debug   Library Name

      1662         56         57          0         96       1928   c_w.l

    ----------------------------------------------------------------------
      1670         56         58          0        100       1928   Library Totals

    ----------------------------------------------------------------------

==============================================================================


      Code (inc. data)   RO Data    RW Data    ZI Data      Debug   

     12642       1186       2398       1428       2764     289648   Grand Totals
     12642       1186       2398        648       2764     289648   ELF Image Totals (compressed)
     12642       1186       2398        648          0          0   ROM Totals

==============================================================================

    Total RO  Size (Code + RO Data)                15040 (  14.69kB)
    Total RW  Size (RW Data + ZI Data)              4192 (   4.09kB)
    Total ROM Size (Code + RO Data + RW Data)      15688 (  15.32kB)

==============================================================================

